###############################################################################
#                                                                             #
# IAR ELF Linker V6.30.3.53228/W32 for ARM              18/Feb/2026  15:36:05 #
# Copyright 2007-2011 IAR Systems AB.                                         #
#                                                                             #
#    Output file  =  G:\w2OriginDCU\dcu\src\D_Application_RS485\Exe\c.out.tmp #
#    Map file     =  G:\w2OriginDCU\dcu\src\D_Application_RS485\List\c.map    #
#    Command line =  G:\w2OriginDCU\dcu\src\D_Application_RS485\Obj\CardReade #
#                    r.o G:\w2OriginDCU\dcu\src\D_Application_RS485\Obj\CrCom #
#                    municator.o G:\w2OriginDCU\dcu\src\D_Application_RS485\O #
#                    bj\CrProtocol.o G:\w2OriginDCU\dcu\src\D_Application_RS4 #
#                    85\Obj\CrQueue.o G:\w2OriginDCU\dcu\src\D_Application_RS #
#                    485\Obj\DIPSwitch.o G:\w2OriginDCU\dcu\src\D_Application #
#                    _RS485\Obj\IOExpansion.o G:\w2OriginDCU\dcu\src\D_Applic #
#                    ation_RS485\Obj\InputLeds.o                              #
#                    G:\w2OriginDCU\dcu\src\D_Application_RS485\Obj\Inputs.o  #
#                    G:\w2OriginDCU\dcu\src\D_Application_RS485\Obj\Outputs.o #
#                     G:\w2OriginDCU\dcu\src\D_Application_RS485\Obj\StartApp #
#                    lication.o G:\w2OriginDCU\dcu\src\D_Application_RS485\Ob #
#                    j\Tasks.o G:\w2OriginDCU\dcu\src\D_Application_RS485\Obj #
#                    \adc.o G:\w2OriginDCU\dcu\src\D_Application_RS485\Obj\ba #
#                    seTypes.o G:\w2OriginDCU\dcu\src\D_Application_RS485\Obj #
#                    \clsp485.o G:\w2OriginDCU\dcu\src\D_Application_RS485\Ob #
#                    j\clspGeneric.o G:\w2OriginDCU\dcu\src\D_Application_RS4 #
#                    85\Obj\communication.o G:\w2OriginDCU\dcu\src\D_Applicat #
#                    ion_RS485\Obj\core_cm0.o G:\w2OriginDCU\dcu\src\D_Applic #
#                    ation_RS485\Obj\crNotify.o G:\w2OriginDCU\dcu\src\D_Appl #
#                    ication_RS485\Obj\cryptoaes.o                            #
#                    G:\w2OriginDCU\dcu\src\D_Application_RS485\Obj\cstartup_ #
#                    M.o G:\w2OriginDCU\dcu\src\D_Application_RS485\Obj\dmHan #
#                    dler.o G:\w2OriginDCU\dcu\src\D_Application_RS485\Obj\ds #
#                    m.o G:\w2OriginDCU\dcu\src\D_Application_RS485\Obj\dsmCo #
#                    nfig.o G:\w2OriginDCU\dcu\src\D_Application_RS485\Obj\ex #
#                    ceptionHandling.o G:\w2OriginDCU\dcu\src\D_Application_R #
#                    S485\Obj\flashStorage.o G:\w2OriginDCU\dcu\src\D_Applica #
#                    tion_RS485\Obj\flashloader.o                             #
#                    G:\w2OriginDCU\dcu\src\D_Application_RS485\Obj\gpio.o    #
#                    G:\w2OriginDCU\dcu\src\D_Application_RS485\Obj\hashes.o  #
#                    G:\w2OriginDCU\dcu\src\D_Application_RS485\Obj\i2c.o     #
#                    G:\w2OriginDCU\dcu\src\D_Application_RS485\Obj\iap.o     #
#                    G:\w2OriginDCU\dcu\src\D_Application_RS485\Obj\main.o    #
#                    G:\w2OriginDCU\dcu\src\D_Application_RS485\Obj\sysTick.o #
#                     G:\w2OriginDCU\dcu\src\D_Application_RS485\Obj\systemIn #
#                    fo.o G:\w2OriginDCU\dcu\src\D_Application_RS485\Obj\syst #
#                    em_LPC122x.o G:\w2OriginDCU\dcu\src\D_Application_RS485\ #
#                    Obj\testMode.o G:\w2OriginDCU\dcu\src\D_Application_RS48 #
#                    5\Obj\testing.o G:\w2OriginDCU\dcu\src\D_Application_RS4 #
#                    85\Obj\timer16.o G:\w2OriginDCU\dcu\src\D_Application_RS #
#                    485\Obj\timer32.o G:\w2OriginDCU\dcu\src\D_Application_R #
#                    S485\Obj\uart.o G:\w2OriginDCU\dcu\src\D_Application_RS4 #
#                    85\Obj\watchdog.o -o G:\w2OriginDCU\dcu\src\D_Applicatio #
#                    n_RS485\Exe\c.out.tmp --redirect _Printf=_PrintfFull     #
#                    --redirect _Scanf=_ScanfFull --map                       #
#                    G:\w2OriginDCU\dcu\src\D_Application_RS485\List\c.map    #
#                    --config G:\w2OriginDCU\dcu\src\LPC1225_Flash.icf        #
#                    --semihosting --entry __iar_program_start --inline       #
#                    --no_exceptions --vfe                                    #
#                                                                             #
#                                                                             #
###############################################################################

*******************************************************************************
*** RUNTIME MODEL ATTRIBUTES
***

CppFlavor       = *
__Heap_Handler  = Basic
__SystemLibrary = DLib


*******************************************************************************
*** PLACEMENT SUMMARY
***

"A1":  place at 0x00000000 { ro section .intvec };
"P1":  place in [from 0x00000124 to 0x000002fb] |
                [from 0x00000300 to 0x0000fffe] { ro };
"P2":  place in [from 0x10000000 to 0x10001fbf] { rw, block CSTACK, block HEAP };

  Section            Kind        Address    Size  Object
  -------            ----        -------    ----  ------
"A1":                                       0xbc
  .intvec            ro code  0x00000000    0xbc  cstartup_M.o [1]
                            - 0x000000bc    0xbc

"P1", part 1 of 2:                         0x1b4
  .text              ro code  0x00000124    0x1c  dmHandler.o [1]
  .text              ro code  0x00000140    0x2e  copy_init3.o [5]
  .text              ro code  0x00000170    0x9a  DIPSwitch.o [1]
  .text              ro code  0x0000020a     0x2  cstartup_M.o [1]
  .text              ro code  0x0000020c    0x3e  hashes.o [1]
  .text              ro code  0x0000024a    0x12  xxmemxmemzero.o [3]
  .rodata            const    0x0000025c    0x10  crNotify.o [1]
  Initializer bytes  ro data  0x0000026c    0x6c  <for P2 s0>
                            - 0x000002d8   0x1b4

"P1", part 2 of 2:                        0xbb2c
  .text              ro code  0x00000300  0x1c64  dsm.o [1]
  .text              ro code  0x00001f64  0x1014  Inputs.o [1]
  .text              ro code  0x00002f78   0xac0  Outputs.o [1]
  .text              ro code  0x00003a38  0x15c4  CrCommunicator.o [1]
  .text              ro code  0x00004ffc   0x818  dsmConfig.o [1]
  .text              ro code  0x00005814   0x14a  baseTypes.o [1]
  .text              ro code  0x00005960   0x20c  sysTick.o [1]
  .text              ro code  0x00005b6c   0x154  Tasks.o [1]
  .text              ro code  0x00005cc0   0x444  systemInfo.o [1]
  .text              ro code  0x00006104   0x5c4  IOExpansion.o [1]
  .text              ro code  0x000066c8   0x278  InputLeds.o [1]
  .text              ro code  0x00006940   0x228  gpio.o [1]
  .text              ro code  0x00006b68   0x33c  adc.o [1]
  .text              ro code  0x00006ea4   0x1ee  CrQueue.o [1]
  .text              ro code  0x00007092    0xaa  CrProtocol.o [1]
  .rodata            const    0x0000713c     0x1  CrCommunicator.o [1]
  .text              ro code  0x00007140   0x828  uart.o [1]
  .text              ro code  0x00007968    0x56  I32DivMod.o [5]
  .text              ro code  0x000079be    0x32  xxmemxcalloc.o [3]
  .text              ro code  0x000079f0    0x8c  xxmemxfree.o [3]
  .text              ro code  0x00007a7c    0x80  watchdog.o [1]
  .text              ro code  0x00007afc   0x13c  iap.o [1]
  .text              ro code  0x00007c38   0x164  i2c.o [1]
  .text              ro code  0x00007d9c    0x20  StartApplication.o [1]
  .text              ro code  0x00007dbc   0x550  testing.o [1]
  .text              ro code  0x0000830c    0x1e  I32ToFlt.o [4]
  .text              ro code  0x0000832c    0x26  FltToU32.o [4]
  .text              ro code  0x00008354    0x34  ABImemcpy.o [5]
  .text              ro code  0x00008388    0x32  FltToDbl.o [4]
  .text              ro code  0x000083ba   0x1a8  DblAddSub.o [4]
  .text              ro code  0x00008562    0x62  DblToFlt.o [4]
  .text              ro code  0x000085c4    0x26  FltCmpLe.o [4]
  .text              ro code  0x000085ea    0xb4  FltMul.o [4]
  .text              ro code  0x0000869e    0xaa  FltDiv.o [4]
  .text              ro code  0x00008748    0x3a  FltToS32.o [4]
  .text              ro code  0x00008784    0x28  FltCmpGe.o [4]
  .text              ro code  0x000087ac   0x120  FltAddSub.o [4]
  .text              ro code  0x000088cc    0xc0  xxmemxmalloc.o [3]
  .text              ro code  0x0000898c    0x94  xsyslock.o [3]
  .text              ro code  0x00008a20   0xdb8  communication.o [1]
  .text              ro code  0x000097d8   0x5dc  clspGeneric.o [1]
  .text              ro code  0x00009db4    0x28  xgetmemchunk.o [3]
  .text              ro code  0x00009ddc   0x1a0  system_LPC122x.o [1]
  .text              ro code  0x00009f7c   0xab8  clsp485.o [1]
  .text              ro code  0x0000aa34   0x69c  cryptoaes.o [1]
  .text              ro code  0x0000b0d0   0x47c  crNotify.o [1]
  .rodata            const    0x0000b54c   0x120  uart.o [1]
  .rodata            const    0x0000b66c   0x100  cryptoaes.o [1]
  .rodata            const    0x0000b76c   0x100  cryptoaes.o [1]
  .rodata            const    0x0000b86c   0x100  cryptoaes.o [1]
  .rodata            const    0x0000b96c   0x100  cryptoaes.o [1]
  .text              ro code  0x0000ba6c    0x80  timer16.o [1]
  .text              ro code  0x0000baec    0x7c  timer32.o [1]
  .text              ro code  0x0000bb68    0x70  main.o [1]
  .rodata            const    0x0000bbd8    0x48  uart.o [1]
  .rodata            const    0x0000bc20    0x48  uart.o [1]
  .text              ro code  0x0000bc68    0x3c  exceptionHandling.o [1]
  .text              ro code  0x0000bca4    0x2c  data_init3.o [5]
  .text              ro code  0x0000bcd0    0x28  zero_init3.o [5]
  .iar.init_table    const    0x0000bcf8    0x24  - Linker created -
  .rodata            const    0x0000bd1c    0x20  watchdog.o [1]
  .rodata            const    0x0000bd3c    0x18  crNotify.o [1]
  .text              ro code  0x0000bd54    0x16  cmain.o [5]
  .text              ro code  0x0000bd6a     0x8  exit.o [3]
  .text              ro code  0x0000bd74     0xe  cexit.o [5]
  .text              ro code  0x0000bd84    0x14  exit.o [6]
  .rodata            const    0x0000bd98    0x14  crNotify.o [1]
  .rodata            const    0x0000bdac    0x14  crNotify.o [1]
  .rodata            const    0x0000bdc0     0xc  IOExpansion.o [1]
  .rodata            const    0x0000bdcc     0xc  crNotify.o [1]
  .rodata            const    0x0000bdd8     0xc  crNotify.o [1]
  .rodata            const    0x0000bde4     0xc  crNotify.o [1]
  .text              ro code  0x0000bdf0     0xc  cstartup_M.o [5]
  .rodata            const    0x0000bdfc     0x8  CrCommunicator.o [1]
  .rodata            const    0x0000be04     0x8  CrCommunicator.o [1]
  .rodata            const    0x0000be0c     0x8  crNotify.o [1]
  .rodata            const    0x0000be14     0x8  crNotify.o [1]
  .rodata            const    0x0000be1c     0x4  IOExpansion.o [1]
  .rodata            const    0x0000be20     0x4  IOExpansion.o [1]
  .rodata            const    0x0000be24     0x4  IOExpansion.o [1]
  .rodata            const    0x0000be28     0x4  crNotify.o [1]
  .text              ro code  0x0000be2c     0x0  cstart_clearlocks.o [5]
  .rodata            const    0x0000be2c     0x0  bwt_init3c.o [5]
                            - 0x0000be2c  0xbb2c

"P2", part 1 of 3:                          0x6c
  P2 s0                       0x10000000    0x6c  <Init block>
    .data            inited   0x10000000    0x10  main.o [1]
    .data            inited   0x10000010    0x10  main.o [1]
    .data            inited   0x10000020     0x4  CrCommunicator.o [1]
    .data            inited   0x10000024     0x4  InputLeds.o [1]
    .data            inited   0x10000028     0x4  clsp485.o [1]
    .data            inited   0x1000002c     0x4  clsp485.o [1]
    .data            inited   0x10000030     0x4  clsp485.o [1]
    .data            inited   0x10000034     0x4  clsp485.o [1]
    .data            inited   0x10000038     0x4  clsp485.o [1]
    .data            inited   0x1000003c     0x4  clsp485.o [1]
    .data            inited   0x10000040     0x4  clsp485.o [1]
    .data            inited   0x10000044     0x4  clsp485.o [1]
    .data            inited   0x10000048     0x4  clsp485.o [1]
    .data            inited   0x1000004c     0x4  communication.o [1]
    .data            inited   0x10000050     0x4  systemInfo.o [1]
    .data            inited   0x10000054     0x4  systemInfo.o [1]
    .data            inited   0x10000058     0x4  system_LPC122x.o [1]
    .data            inited   0x1000005c     0x4  system_LPC122x.o [1]
    .data            inited   0x10000060     0x4  system_LPC122x.o [1]
    .data            inited   0x10000064     0x4  testing.o [1]
    .data            inited   0x10000068     0x1  dsm.o [1]
                            - 0x1000006c    0x6c

"P2", part 2 of 3:                        0x1354
  .bss               zero     0x1000006c   0x3c0  Inputs.o [1]
  .bss               zero     0x1000042c   0x1b0  Outputs.o [1]
  .bss               zero     0x100005dc   0x120  Tasks.o [1]
  .bss               zero     0x100006fc   0x108  Inputs.o [1]
  .bss               zero     0x10000804   0x100  uart.o [1]
  .bss               zero     0x10000904   0x100  uart.o [1]
  .bss               zero     0x10000a04   0x100  uart.o [1]
  .bss               zero     0x10000b04   0x100  uart.o [1]
  .bss               zero     0x10000c04    0xb0  cryptoaes.o [1]
  .bss               zero     0x10000cb4    0xa0  CrCommunicator.o [1]
  .bss               zero     0x10000d54    0x8c  dsmConfig.o [1]
  .bss               zero     0x10000de0    0x80  clspGeneric.o [1]
  .bss               zero     0x10000e60    0x64  CrCommunicator.o [1]
  .bss               zero     0x10000ec4    0x58  clsp485.o [1]
  .bss               zero     0x10000f1c    0x50  CrQueue.o [1]
  .bss               zero     0x10000f6c    0x40  adc.o [1]
  .bss               zero     0x10000fac    0x40  cryptoaes.o [1]
  .bss               zero     0x10000fec    0x30  adc.o [1]
  .bss               zero     0x1000101c    0x30  cryptoaes.o [1]
  .bss               zero     0x1000104c    0x24  dsm.o [1]
  .bss               zero     0x10001070    0x20  clspGeneric.o [1]
  .bss               zero     0x10001090    0x18  iap.o [1]
  .bss               zero     0x100010a8    0x18  xsyslock.o [3]
  .bss               zero     0x100010c0    0x14  iap.o [1]
  .bss               zero     0x100010d4    0x14  testing.o [1]
  .bss               zero     0x100010e8    0x10  IOExpansion.o [1]
  .bss               zero     0x100010f8    0x10  InputLeds.o [1]
  .bss               zero     0x10001108    0x10  Inputs.o [1]
  .bss               zero     0x10001118    0x10  Inputs.o [1]
  .bss               zero     0x10001128    0x10  cryptoaes.o [1]
  .bss               zero     0x10001138    0x10  cryptoaes.o [1]
  .bss               zero     0x10001148    0x10  iap.o [1]
  .bss               zero     0x10001158     0xc  CrCommunicator.o [1]
  .bss               zero     0x10001164     0xc  CrCommunicator.o [1]
  .bss               zero     0x10001170     0xc  CrCommunicator.o [1]
  .bss               zero     0x1000117c     0xc  CrCommunicator.o [1]
  .bss               zero     0x10001188     0xc  CrCommunicator.o [1]
  .bss               zero     0x10001194     0xc  IOExpansion.o [1]
  .bss               zero     0x100011a0     0xc  IOExpansion.o [1]
  .bss               zero     0x100011ac     0xc  Inputs.o [1]
  .bss               zero     0x100011b8     0xc  adc.o [1]
  .bss               zero     0x100011c4     0xc  clspGeneric.o [1]
  .bss               zero     0x100011d0     0xc  clspGeneric.o [1]
  .bss               zero     0x100011dc     0xc  clspGeneric.o [1]
  .bss               zero     0x100011e8     0x8  CrQueue.o [1]
  .bss               zero     0x100011f0     0x8  IOExpansion.o [1]
  .bss               zero     0x100011f8     0x8  InputLeds.o [1]
  .bss               zero     0x10001200     0x8  InputLeds.o [1]
  .bss               zero     0x10001208     0x8  InputLeds.o [1]
  .bss               zero     0x10001210     0x8  uart.o [1]
  .bss               zero     0x10001218     0x8  xxmemxmalloc.o [3]
  .bss               zero     0x10001220     0x4  CrCommunicator.o [1]
  .bss               zero     0x10001224     0x4  CrCommunicator.o [1]
  .bss               zero     0x10001228     0x4  CrCommunicator.o [1]
  .bss               zero     0x1000122c     0x4  CrCommunicator.o [1]
  .bss               zero     0x10001230     0x4  CrCommunicator.o [1]
  .bss               zero     0x10001234     0x4  CrCommunicator.o [1]
  .bss               zero     0x10001238     0x4  CrCommunicator.o [1]
  .bss               zero     0x1000123c     0x4  CrCommunicator.o [1]
  .bss               zero     0x10001240     0x4  CrCommunicator.o [1]
  .bss               zero     0x10001244     0x4  CrCommunicator.o [1]
  .bss               zero     0x10001248     0x4  CrQueue.o [1]
  .bss               zero     0x1000124c     0x4  IOExpansion.o [1]
  .bss               zero     0x10001250     0x4  IOExpansion.o [1]
  .bss               zero     0x10001254     0x4  IOExpansion.o [1]
  .bss               zero     0x10001258     0x4  IOExpansion.o [1]
  .bss               zero     0x1000125c     0x4  Inputs.o [1]
  .bss               zero     0x10001260     0x4  Inputs.o [1]
  .bss               zero     0x10001264     0x4  Inputs.o [1]
  .bss               zero     0x10001268     0x4  Inputs.o [1]
  .bss               zero     0x1000126c     0x4  Inputs.o [1]
  .bss               zero     0x10001270     0x4  Inputs.o [1]
  .bss               zero     0x10001274     0x4  Inputs.o [1]
  .bss               zero     0x10001278     0x4  Inputs.o [1]
  .bss               zero     0x1000127c     0x4  Outputs.o [1]
  .bss               zero     0x10001280     0x4  Outputs.o [1]
  .bss               zero     0x10001284     0x4  Outputs.o [1]
  .bss               zero     0x10001288     0x4  Outputs.o [1]
  .bss               zero     0x1000128c     0x4  Outputs.o [1]
  .bss               zero     0x10001290     0x4  Tasks.o [1]
  .bss               zero     0x10001294     0x4  adc.o [1]
  .bss               zero     0x10001298     0x4  adc.o [1]
  .bss               zero     0x1000129c     0x4  adc.o [1]
  .bss               zero     0x100012a0     0x4  adc.o [1]
  .bss               zero     0x100012a4     0x4  adc.o [1]
  .bss               zero     0x100012a8     0x4  clsp485.o [1]
  .bss               zero     0x100012ac     0x4  clsp485.o [1]
  .bss               zero     0x100012b0     0x4  clsp485.o [1]
  .bss               zero     0x100012b4     0x4  clsp485.o [1]
  .bss               zero     0x100012b8     0x4  clsp485.o [1]
  .bss               zero     0x100012bc     0x4  clsp485.o [1]
  .bss               zero     0x100012c0     0x4  clsp485.o [1]
  .bss               zero     0x100012c4     0x4  clsp485.o [1]
  .bss               zero     0x100012c8     0x4  clsp485.o [1]
  .bss               zero     0x100012cc     0x4  clsp485.o [1]
  .bss               zero     0x100012d0     0x4  clspGeneric.o [1]
  .bss               zero     0x100012d4     0x4  clspGeneric.o [1]
  .bss               zero     0x100012d8     0x4  clspGeneric.o [1]
  .bss               zero     0x100012dc     0x4  clspGeneric.o [1]
  .bss               zero     0x100012e0     0x4  clspGeneric.o [1]
  .bss               zero     0x100012e4     0x4  clspGeneric.o [1]
  .bss               zero     0x100012e8     0x4  clspGeneric.o [1]
  .bss               zero     0x100012ec     0x4  clspGeneric.o [1]
  .bss               zero     0x100012f0     0x4  communication.o [1]
  .bss               zero     0x100012f4     0x4  dsm.o [1]
  .bss               zero     0x100012f8     0x4  dsm.o [1]
  .bss               zero     0x100012fc     0x4  dsm.o [1]
  .bss               zero     0x10001300     0x4  dsm.o [1]
  .bss               zero     0x10001304     0x4  dsmConfig.o [1]
  .bss               zero     0x10001308     0x4  dsmConfig.o [1]
  .bss               zero     0x1000130c     0x4  dsmConfig.o [1]
  .bss               zero     0x10001310     0x4  dsmConfig.o [1]
  .bss               zero     0x10001314     0x4  iap.o [1]
  .bss               zero     0x10001318     0x4  sysTick.o [1]
  .bss               zero     0x1000131c     0x4  sysTick.o [1]
  .bss               zero     0x10001320     0x4  sysTick.o [1]
  .bss               zero     0x10001324     0x4  sysTick.o [1]
  .bss               zero     0x10001328     0x4  systemInfo.o [1]
  .bss               zero     0x1000132c     0x4  systemInfo.o [1]
  .bss               zero     0x10001330     0x4  systemInfo.o [1]
  .bss               zero     0x10001334     0x4  systemInfo.o [1]
  .bss               zero     0x10001338     0x4  systemInfo.o [1]
  .bss               zero     0x1000133c     0x4  systemInfo.o [1]
  .bss               zero     0x10001340     0x4  systemInfo.o [1]
  .bss               zero     0x10001344     0x4  systemInfo.o [1]
  .bss               zero     0x10001348     0x4  systemInfo.o [1]
  .bss               zero     0x1000134c     0x4  testing.o [1]
  .bss               zero     0x10001350     0x4  testing.o [1]
  .bss               zero     0x10001354     0x4  testing.o [1]
  .bss               zero     0x10001358     0x4  testing.o [1]
  .bss               zero     0x1000135c     0x4  testing.o [1]
  .bss               zero     0x10001360     0x4  testing.o [1]
  .bss               zero     0x10001364     0x4  testing.o [1]
  .bss               zero     0x10001368     0x4  testing.o [1]
  .bss               zero     0x1000136c     0x4  testing.o [1]
  .bss               zero     0x10001370     0x4  testing.o [1]
  .bss               zero     0x10001374     0x4  testing.o [1]
  .bss               zero     0x10001378     0x4  timer16.o [1]
  .bss               zero     0x1000137c     0x4  timer16.o [1]
  .bss               zero     0x10001380     0x4  timer16.o [1]
  .bss               zero     0x10001384     0x4  timer16.o [1]
  .bss               zero     0x10001388     0x4  timer32.o [1]
  .bss               zero     0x1000138c     0x4  timer32.o [1]
  .bss               zero     0x10001390     0x4  uart.o [1]
  .bss               zero     0x10001394     0x4  uart.o [1]
  .bss               zero     0x10001398     0x4  uart.o [1]
  .bss               zero     0x1000139c     0x4  uart.o [1]
  .bss               zero     0x100013a0     0x4  uart.o [1]
  .bss               zero     0x100013a4     0x4  uart.o [1]
  .bss               zero     0x100013a8     0x4  uart.o [1]
  .bss               zero     0x100013ac     0x4  uart.o [1]
  .bss               zero     0x100013b0     0x4  watchdog.o [1]
  .bss               zero     0x100013b4     0x4  xgetmemchunk.o [3]
  .bss               zero     0x100013b8     0x2  IOExpansion.o [1]
  .bss               zero     0x100013ba     0x1  IOExpansion.o [1]
  .bss               zero     0x100013bb     0x1  IOExpansion.o [1]
                            - 0x100013bc  0x1350

"P2", part 3 of 3:                         0x9a0
  CSTACK                      0x100013c0   0x600  <Block>
    CSTACK           uninit   0x100013c0   0x600  <Block tail>
  HEAP                        0x100019c0   0x3a0  <Block>
    HEAP             uninit   0x100019c0   0x3a0  <Block tail>
                            - 0x10001d60   0x9a0


*******************************************************************************
*** INIT TABLE
***

          Address     Size
          -------     ----
Zero (__iar_zero_init3)
    1 destination range, total size 0x1350:
          0x1000006c  0x1350

Copy (__iar_copy_init3)
    1 source range, total size 0x6c (102% of destination):
          0x0000026c    0x6c
    1 destination range, total size 0x69:
          0x10000000    0x69



*******************************************************************************
*** MODULE SUMMARY
***

    Module               ro code  ro data  rw data
    ------               -------  -------  -------
G:\w2OriginDCU\dcu\src\D_Application_RS485\Obj: [1]
    CrCommunicator.o       5 572       21      364
    CrProtocol.o             170
    CrQueue.o                494                92
    DIPSwitch.o              154
    IOExpansion.o          1 476       24       68
    InputLeds.o              632        4       44
    Inputs.o               4 116             1 300
    Outputs.o              2 752               452
    StartApplication.o        32
    Tasks.o                  340               292
    adc.o                    828               144
    baseTypes.o              330
    clsp485.o              2 744       36      164
    clspGeneric.o          1 500               228
    communication.o        3 512        4        8
    crNotify.o             1 148      136
    cryptoaes.o            1 692    1 024      320
    cstartup_M.o             190
    dmHandler.o               28
    dsm.o                  7 268        1       53
    dsmConfig.o            2 072               156
    exceptionHandling.o       60
    gpio.o                   552
    hashes.o                  62
    i2c.o                    356
    iap.o                    316                64
    main.o                   112       32       32
    sysTick.o                524                16
    systemInfo.o           1 092        8       44
    system_LPC122x.o         416       12       12
    testing.o              1 360        4       68
    timer16.o                128                16
    timer32.o                124                 8
    uart.o                 2 088      432    1 064
    watchdog.o               128       32        4
    ----------------------------------------------
    Total:                44 368    1 770    5 013

command line: [2]
    ----------------------------------------------
    Total:

dl6M_tln.a: [3]
    exit.o                     8
    xgetmemchunk.o            40                 4
    xsyslock.o               148                24
    xxmemxcalloc.o            50
    xxmemxfree.o             140
    xxmemxmalloc.o           192                 8
    xxmemxmemzero.o           18
    ----------------------------------------------
    Total:                   596                36

m6M_tl.a: [4]
    DblAddSub.o              424
    DblToFlt.o                98
    FltAddSub.o              288
    FltCmpGe.o                40
    FltCmpLe.o                38
    FltDiv.o                 170
    FltMul.o                 180
    FltToDbl.o                50
    FltToS32.o                58
    FltToU32.o                38
    I32ToFlt.o                30
    ----------------------------------------------
    Total:                 1 414

rt6M_tl.a: [5]
    ABImemcpy.o               52
    I32DivMod.o               86
    bwt_init3c.o
    cexit.o                   14
    cmain.o                   22
    copy_init3.o              46
    cstart_clearlocks.o
    cstartup_M.o              12
    data_init3.o              44
    zero_init3.o              40
    ----------------------------------------------
    Total:                   316

shb_l.a: [6]
    exit.o                    20
    ----------------------------------------------
    Total:                    20

    Gaps                      17
    Linker created                     39    2 464
--------------------------------------------------
    Grand Total:          46 731    1 809    7 513


*******************************************************************************
*** ENTRY LIST
***

Entry                      Address   Size  Type      Object
-----                      -------   ----  ----      ------
?main                   0x0000bd55         Code  Gb  cmain.o [5]
ADC_IRQHandler          0x00006d73   0xce  Code  Gb  adc.o [1]
ADC_Init                0x00006cc1   0x92  Code  Gb  adc.o [1]
ADC_InitGenerator       0x00006c33   0x10  Code  Gb  adc.o [1]
ADC_IsValid             0x00006d53    0x6  Code  Gb  adc.o [1]
ADC_RandomTask          0x00006c43   0x7e  Code  Gb  adc.o [1]
ADC_RefreshValidState   0x00002a95   0x70  Code  Gb  Inputs.o [1]
ADC_SelectInputs        0x00006b77   0xbc  Code  Gb  adc.o [1]
ADC_StartNewConversion  0x00006d59   0x1a  Code  Gb  adc.o [1]
AES_BlockDec            0x0000ae77   0x36  Code  Gb  cryptoaes.o [1]
AES_BlockEnc            0x0000ae41   0x36  Code  Gb  cryptoaes.o [1]
AES_CbcDec              0x0000af79   0xb8  Code  Gb  cryptoaes.o [1]
AES_CbcEnc              0x0000aedd   0x9c  Code  Gb  cryptoaes.o [1]
AES_Decrypt             0x0000b079   0x4c  Code  Gb  cryptoaes.o [1]
AES_Encrypt             0x0000b031   0x44  Code  Gb  cryptoaes.o [1]
AES_IV                  0x10000010   0x10  Data  Gb  main.o [1]
AES_IVInit              0x0000aeb1    0xe  Code  Gb  cryptoaes.o [1]
AES_KEY                 0x10000000   0x10  Data  Gb  main.o [1]
AES_KeyInit             0x0000aebf   0x18  Code  Gb  cryptoaes.o [1]
AddRoundKey             0x0000aca3   0x4a  Code  Gb  cryptoaes.o [1]
AesKey                  0x10001128   0x10  Data  Gb  cryptoaes.o [1]
AnalyzeCrIdentity       0x00004631   0x26  Code  Gb  CrCommunicator.o [1]
AnalyzeCrNotInitialized
                        0x0000466f   0xd2  Code  Gb  CrCommunicator.o [1]
AnalyzeDataReceived     0x0000477d   0x38  Code  Gb  CrCommunicator.o [1]
AnalyzeKeyPressed       0x00004741   0x3c  Code  Gb  CrCommunicator.o [1]
AnalyzeProtocolVersion  0x000045ad   0x84  Code  Gb  CrCommunicator.o [1]
AnalyzeReset            0x00004657   0x18  Code  Gb  CrCommunicator.o [1]
AnalyzeRspAck           0x000047bd   0x5a  Code  Gb  CrCommunicator.o [1]
AnalyzeRspServiceAck    0x0000481d   0x76  Code  Gb  CrCommunicator.o [1]
BOD_IRQHandler          0x0000020b         Code  Wk  cstartup_M.o [1]
BusFault_Handler        0x0000bc91    0x4  Code  Gb  exceptionHandling.o [1]
CMP_IRQHandler          0x0000020b         Code  Wk  cstartup_M.o [1]
CR_AccessCommand        0x00004173  0x246  Code  Gb  CrCommunicator.o [1]
CR_ChangeOnlineState    0x00003b45   0x4a  Code  Gb  CrCommunicator.o [1]
CR_ClearDisplay         0x00004505   0x34  Code  Gb  CrCommunicator.o [1]
CR_DisplayInfoTab       0x000043d7   0x74  Code  Gb  CrCommunicator.o [1]
CR_DisplayText          0x00004541   0x6c  Code  Gb  CrCommunicator.o [1]
CR_HasDisplay           0x00004fb9   0x44  Code  Gb  CrCommunicator.o [1]
CR_PeripheralMode       0x0000447d   0x5c  Code  Gb  CrCommunicator.o [1]
CR_RawAccessCommand     0x000043b9   0x1e  Code  Gb  CrCommunicator.o [1]
CR_RawDisplayInfoTab    0x0000444b   0x32  Code  Gb  CrCommunicator.o [1]
CR_RawPeripheralMode    0x000044d9   0x2c  Code  Gb  CrCommunicator.o [1]
CR_SetCountryCode       0x00004125   0x34  Code  Gb  CrCommunicator.o [1]
CR_SetInitialValues     0x00003ba1   0x56  Code  Gb  CrCommunicator.o [1]
CR_SetPresentationMask  0x000040f5   0x30  Code  Gb  CrCommunicator.o [1]
CR_SetState             0x00003bf7   0x3e  Code  Gb  CrCommunicator.o [1]
CR_SetTime              0x00004091   0x64  Code  Gb  CrCommunicator.o [1]
CR_ValidateCommandSuitable
                        0x00004159   0x1a  Code  Gb  CrCommunicator.o [1]
CSTACK$$Base            0x100013c0          --   Gb  - Linker created -
CSTACK$$Limit           0x100019c0          --   Gb  - Linker created -
CT16B0_IRQHandler       0x0000ba6d   0x34  Code  Gb  timer16.o [1]
CT16B1_IRQHandler       0x0000baa1   0x34  Code  Gb  timer16.o [1]
CT32B0_IRQHandler       0x0000020b         Code  Wk  cstartup_M.o [1]
CT32B1_IRQHandler       0x0000baed   0x6a  Code  Gb  timer32.o [1]
CalculateFilterTime     0x00002975   0x72  Code  Gb  Inputs.o [1]
CheckIOPresence         0x00006435   0x5c  Code  Gb  IOExpansion.o [1]
Clsp485_AppealForTransmission
                        0x0000a323   0x12  Code  Gb  clsp485.o [1]
Clsp485_ComposeByFrameAndSend
                        0x00009f7d  0x174  Code  Gb  clsp485.o [1]
Clsp485_ForceNodeRelease
                        0x0000a785   0x4c  Code  Gb  clsp485.o [1]
Clsp485_Init            0x0000a9ad   0x3c  Code  Gb  clsp485.o [1]
Clsp485_OnFrameReceived
                        0x0000a3a1  0x3c6  Code  Gb  clsp485.o [1]
Clsp485_PHDParsing      0x0000a0fd  0x226  Code  Gb  clsp485.o [1]
Clsp485_ReceiveTask     0x0000a7e1   0xa2  Code  Gb  clsp485.o [1]
Clsp485_TransmitTask    0x0000a8a1  0x108  Code  Gb  clsp485.o [1]
Clsp485_UidChecksumRandomize
                        0x0000a335   0x3c  Code  Gb  clsp485.o [1]
Clsp_BindOnFrameReceived
                        0x00009851   0x3c  Code  Gb  clspGeneric.o [1]
Clsp_BindOnNodeAddressConflicted
                        0x00009815   0x3c  Code  Gb  clspGeneric.o [1]
Clsp_BindOnNodeAssignmentChanged
                        0x000097d9   0x3c  Code  Gb  clspGeneric.o [1]
Clsp_ClearQueues        0x00009c05   0x70  Code  Gb  clspGeneric.o [1]
Clsp_CreateFrame        0x00009cb1   0x34  Code  Gb  clspGeneric.o [1]
Clsp_EnqueueFrame       0x000098c1  0x272  Code  Gb  clspGeneric.o [1]
Clsp_EnqueueLLFrame     0x0000988d   0x2e  Code  Gb  clspGeneric.o [1]
Clsp_GetSuggestedAddress
                        0x00009d73    0x6  Code  Gb  clspGeneric.o [1]
Clsp_InternalCreateFrame
                        0x00009c75   0x3c  Code  Gb  clspGeneric.o [1]
Clsp_IsAssigned         0x00009d79    0x6  Code  Gb  clspGeneric.o [1]
Clsp_IsInConflict       0x00009d7f    0x6  Code  Gb  clspGeneric.o [1]
Clsp_PopLinkLayerQueue  0x00009b3d   0x58  Code  Gb  clspGeneric.o [1]
Clsp_PopQueue           0x00009ba5   0x58  Code  Gb  clspGeneric.o [1]
Comm_FireMemoryRestore  0x00008c29   0x1e  Code  Gb  communication.o [1]
Comm_FireMemoryWarning  0x00008c07   0x22  Code  Gb  communication.o [1]
Comm_FireResultNotifier
                        0x00008a73   0x14  Code  Gb  communication.o [1]
Comm_Get16BitValue      0x00008cd7    0xc  Code  Gb  communication.o [1]
Comm_Get32BitValue      0x00008cab   0x16  Code  Gb  communication.o [1]
Comm_Init               0x000097ab   0x16  Code  Gb  communication.o [1]
Comm_OnCrDataReceived   0x00008bb1   0x56  Code  Gb  communication.o [1]
Comm_OnCrOnlineStateChanged
                        0x00008b55   0x5c  Code  Gb  communication.o [1]
Comm_OnDIPChanged       0x00008aed   0x1e  Code  Gb  communication.o [1]
Comm_OnDSMStateChanged  0x00008b0b   0x26  Code  Gb  communication.o [1]
Comm_OnFrameReceived    0x00009799   0x12  Code  Gb  communication.o [1]
Comm_OnInputChanged     0x00008a87   0x22  Code  Gb  communication.o [1]
Comm_OnNodeAssigned     0x0000977d   0x1c  Code  Gb  communication.o [1]
Comm_OnOutputChanged    0x00008acb   0x22  Code  Gb  communication.o [1]
Comm_OnOutputLogicStateChanged
                        0x00008b31   0x22  Code  Gb  communication.o [1]
Comm_OnSpecialInputChanged
                        0x00008aa9   0x22  Code  Gb  communication.o [1]
Comm_ProcessCommand     0x00008dad  0x9cc  Code  Gb  communication.o [1]
Comm_RegisterCallbacks  0x00008c47   0x64  Code  Gb  communication.o [1]
Comm_ReportDeviceInfo   0x00008ce3   0x34  Code  Gb  communication.o [1]
Comm_ReportFWVersion    0x00008d17   0x6e  Code  Gb  communication.o [1]
Comm_SendACK            0x00008a21   0x26  Code  Gb  communication.o [1]
Comm_SendNACK           0x00008a49   0x2a  Code  Gb  communication.o [1]
Comm_Set32BitValue      0x00008cc1   0x16  Code  Gb  communication.o [1]
ConceptRequest          0x00003c35   0x48  Code  Gb  CrCommunicator.o [1]
CopyAll                 0x00005869   0x10  Code  Gb  baseTypes.o [1]
CopySafe                0x00005815   0x54  Code  Gb  baseTypes.o [1]
CrCommunicator_BindCountryCodeConfirmed
                        0x00003aed   0x3c  Code  Gb  CrCommunicator.o [1]
CrCommunicator_BindOnlineStateChanged
                        0x00003a39   0x3c  Code  Gb  CrCommunicator.o [1]
CrCommunicator_BindRawDataReceived
                        0x00003a75   0x3c  Code  Gb  CrCommunicator.o [1]
CrCommunicator_BindTamperReturn
                        0x00003ab1   0x3c  Code  Gb  CrCommunicator.o [1]
CrCommunicator_CheckReceptionTimeoutTask
                        0x00004d01   0x92  Code  Gb  CrCommunicator.o [1]
CrCommunicator_ConceptAndEnqueue
                        0x00003c7d  0x172  Code  Gb  CrCommunicator.o [1]
CrCommunicator_FireOnlineEvents
                        0x00004f49   0x50  Code  Gb  CrCommunicator.o [1]
CrCommunicator_GetCR    0x00003b29   0x1a  Code  Gb  CrCommunicator.o [1]
CrCommunicator_Init     0x00004e4d   0xf0  Code  Gb  CrCommunicator.o [1]
CrCommunicator_OnResponseRecieved
                        0x000048a5  0x216  Code  Gb  CrCommunicator.o [1]
CrCommunicator_PHDParsing
                        0x00003df9  0x25a  Code  Gb  CrCommunicator.o [1]
CrCommunicator_ReceiveTask
                        0x00004abb    0xe  Code  Gb  CrCommunicator.o [1]
CrCommunicator_RequestBegin
                        0x00004add  0x220  Code  Gb  CrCommunicator.o [1]
CrCommunicator_SendPollingMessage
                        0x0000406d   0x24  Code  Gb  CrCommunicator.o [1]
CrCommunicator_TransmitTask
                        0x00004d99   0xaa  Code  Gb  CrCommunicator.o [1]
CrNotify_CROnlineStateChanged
                        0x0000b449   0x32  Code  Gb  crNotify.o [1]
CrNotify_ClspNodeAddressConflicted
                        0x0000b4e5   0x24  Code  Gb  crNotify.o [1]
CrNotify_ClspNodeAssignmentChanged
                        0x0000b47b   0x6a  Code  Gb  crNotify.o [1]
CrNotify_Init           0x0000b509   0x16  Code  Gb  crNotify.o [1]
CrNotify_ShowCrInfo     0x0000b171  0x1e6  Code  Gb  crNotify.o [1]
CrNotify_ShowLink       0x0000b35d   0xde  Code  Gb  crNotify.o [1]
CrNotify_ShowLinkText   0x0000b0d1   0xa0  Code  Gb  crNotify.o [1]
CrProtocol_GetBaudRateEnum
                        0x000070d5   0x68  Code  Gb  CrProtocol.o [1]
CrQueue_AllocRequest    0x00007075   0x1e  Code  Gb  CrQueue.o [1]
CrQueue_Clear           0x00006ec1   0x4e  Code  Gb  CrQueue.o [1]
CrQueue_Count           0x00006ea5   0x1c  Code  Gb  CrQueue.o [1]
CrQueue_Enqueue         0x00006f0f   0xee  Code  Gb  CrQueue.o [1]
CrQueue_Pop             0x00006ffd   0x6c  Code  Gb  CrQueue.o [1]
Crc8                    0x0000020d   0x3e  Code  Gb  hashes.o [1]
DIP_GetFrom             0x000001f5   0x16  Code  Gb  DIPSwitch.o [1]
DIP_Init                0x00000171   0x6a  Code  Gb  DIPSwitch.o [1]
DMA_IRQHandler          0x0000020b         Code  Wk  cstartup_M.o [1]
DSM_ActivateActuator    0x00000dbd   0x36  Code  Gb  dsm.o [1]
DSM_ActivateOutput      0x000057e5   0x24  Code  Gb  dsmConfig.o [1]
DSM_ActivateSpecialOutput
                        0x00000dfd   0xf4  Code  Gb  dsm.o [1]
DSM_AssignCRs           0x000008e9  0x232  Code  Gb  dsm.o [1]
DSM_BindOnEnabledAlarmChanged
                        0x0000500f    0x6  Code  Gb  dsmConfig.o [1]
DSM_BindOnSpecialOutputAdded
                        0x00005003    0x6  Code  Gb  dsmConfig.o [1]
DSM_BindOnSpecialOutputRemoved
                        0x00005009    0x6  Code  Gb  dsmConfig.o [1]
DSM_BindOnStateChanged  0x00004ffd    0x6  Code  Gb  dsmConfig.o [1]
DSM_BindOutputToInput   0x00005733   0x12  Code  Gb  dsmConfig.o [1]
DSM_Callback            0x00000301   0x76  Code  Gb  dsm.o [1]
DSM_CheckDoorSensorSabotage
                        0x0000182f   0x3e  Code  Gb  dsm.o [1]
DSM_CheckPushButton     0x0000150d  0x10e  Code  Gb  dsm.o [1]
DSM_CheckSensor         0x00000ef1   0x66  Code  Gb  dsm.o [1]
DSM_CheckSensors        0x0000186d   0xe6  Code  Gb  dsm.o [1]
DSM_ConfigFrequency     0x0000577b   0x36  Code  Gb  dsmConfig.o [1]
DSM_ConfigLevel         0x00005757   0x24  Code  Gb  dsmConfig.o [1]
DSM_ConfigPulse         0x000057b1   0x2e  Code  Gb  dsmConfig.o [1]
DSM_DeactivateSpecialOutputs
                        0x000013d9   0x6a  Code  Gb  dsm.o [1]
DSM_DoBinding           0x000011b7   0x1c  Code  Gb  dsm.o [1]
DSM_EnableAlarms        0x000054fb   0x68  Code  Gb  dsmConfig.o [1]
DSM_ForceUnlocked       0x00001675  0x176  Code  Gb  dsm.o [1]
DSM_GetSignalForState   0x000017f9   0x36  Code  Gb  dsm.o [1]
DSM_HandleUnlockedState
                        0x00000861   0x60  Code  Lc  dsm.o [1]
DSM_HostStateChanged    0x00000377   0x14  Code  Gb  dsm.o [1]
DSM_InformCR            0x000004a9  0x2b8  Code  Gb  dsm.o [1]
DSM_InformCRs           0x00000761   0x26  Code  Gb  dsm.o [1]
DSM_Init                0x00005015   0xe6  Code  Gb  dsmConfig.o [1]
DSM_InvokeIntrusionAlarm
                        0x00005247   0x1c  Code  Gb  dsmConfig.o [1]
DSM_IsAccessGranted     0x000014eb   0x1e  Code  Gb  dsm.o [1]
DSM_IsCRAssigned        0x0000038b   0x22  Code  Gb  dsm.o [1]
DSM_IsCRSuppressed      0x000003ad   0x3e  Code  Gb  dsm.o [1]
DSM_LooseCR             0x00000805   0x58  Code  Gb  dsm.o [1]
DSM_OnCRCountryCodeConfirmed
                        0x00001071   0x1c  Code  Gb  dsm.o [1]
DSM_OnCROnline          0x0000108d   0x16  Code  Gb  dsm.o [1]
DSM_OnCRTamperReturn    0x00001055   0x16  Code  Gb  dsm.o [1]
DSM_OnEnabledAlarmChanged
                        0x10001310    0x4  Data  Gb  dsmConfig.o [1]
DSM_OnEnabledAlarmsChanged
                        0x0000114d   0x6a  Code  Gb  dsm.o [1]
DSM_OnSpecialOutputAdded
                        0x10001308    0x4  Data  Gb  dsmConfig.o [1]
DSM_OnSpecialOutputAssigned
                        0x000010a9   0x4e  Code  Gb  dsm.o [1]
DSM_OnSpecialOutputDeassigned
                        0x000010f7   0x4e  Code  Gb  dsm.o [1]
DSM_OnSpecialOutputRemoved
                        0x1000130c    0x4  Data  Gb  dsmConfig.o [1]
DSM_OnStateChanged      0x10001304    0x4  Data  Gb  dsmConfig.o [1]
DSM_ProcessDoorOpenedState
                        0x00001c81  0x1ca  Code  Gb  dsm.o [1]
DSM_ProcessIntrusion    0x0000195d  0x11c  Code  Gb  dsm.o [1]
DSM_ProcessIntrusionState
                        0x00001e81   0x86  Code  Gb  dsm.o [1]
DSM_ProcessLockedState  0x00001a79   0xe6  Code  Gb  dsm.o [1]
DSM_ProcessLockingState
                        0x00001e4b   0x32  Code  Gb  dsm.o [1]
DSM_ProcessUnlockedState
                        0x00001bdd   0x9e  Code  Gb  dsm.o [1]
DSM_ProcessUnlockingState
                        0x00001b65   0x78  Code  Gb  dsm.o [1]
DSM_RemapBsiStates      0x000056d1   0x20  Code  Gb  dsmConfig.o [1]
DSM_RemapDiStates       0x0000571d   0x16  Code  Gb  dsmConfig.o [1]
DSM_ReportActivatorStatuses
                        0x00000ffd   0x58  Code  Gb  dsm.o [1]
DSM_SendCRRawCmd        0x00000787   0x2a  Code  Gb  dsm.o [1]
DSM_SendImplicitCRCommand
                        0x000003eb   0xb2  Code  Gb  dsm.o [1]
DSM_SetBsiLevels        0x0000568f   0x12  Code  Gb  dsmConfig.o [1]
DSM_SetBsiParameters    0x000056a1   0x30  Code  Gb  dsmConfig.o [1]
DSM_SetBypassAlarm      0x00005451   0x78  Code  Gb  dsmConfig.o [1]
DSM_SetDiParameters     0x000056f1   0x2c  Code  Gb  dsmConfig.o [1]
DSM_SetElectricStrike   0x00005359   0xf8  Code  Gb  dsmConfig.o [1]
DSM_SetImplicitCRCode   0x00000b21  0x29c  Code  Gb  dsm.o [1]
DSM_SetLocks            0x00001621   0x48  Code  Gb  dsm.o [1]
DSM_SetPushButton       0x0000517b   0x8c  Code  Gb  dsmConfig.o [1]
DSM_SetSensor           0x00005263   0x90  Code  Gb  dsmConfig.o [1]
DSM_SetSpecialOutput    0x00005581   0x82  Code  Gb  dsmConfig.o [1]
DSM_SetTimming          0x00005563   0x1e  Code  Gb  dsmConfig.o [1]
DSM_ShouldBeLockedByCrSettings
                        0x000008c5   0x24  Code  Gb  dsm.o [1]
DSM_SignalAccessGranted
                        0x00000f57   0xa0  Code  Gb  dsm.o [1]
DSM_Start               0x000011e5  0x1ee  Code  Gb  dsm.o [1]
DSM_Stop                0x00001469   0x82  Code  Gb  dsm.o [1]
DSM_SuppressCR          0x000007b1   0x50  Code  Gb  dsm.o [1]
DSM_Task                0x00001f07   0x50  Code  Gb  dsm.o [1]
DSM_UnbindOutputToInput
                        0x00005745   0x12  Code  Gb  dsmConfig.o [1]
DSM_UnsetActuator       0x000054c9   0x32  Code  Gb  dsmConfig.o [1]
DSM_UnsetAll            0x000050fb   0x80  Code  Gb  dsmConfig.o [1]
DSM_UnsetInput          0x00005669   0x26  Code  Gb  dsmConfig.o [1]
DSM_UnsetPushButton     0x00005207   0x40  Code  Gb  dsmConfig.o [1]
DSM_UnsetSensor         0x00005309   0x46  Code  Gb  dsmConfig.o [1]
DSM_UnsetSpecialOutput  0x00005609   0x60  Code  Gb  dsmConfig.o [1]
DebugMon_Handler        0x0000bc9d    0x4  Code  Gb  exceptionHandling.o [1]
Delete                  0x0000012f   0x12  Code  Gb  dmHandler.o [1]
DisableReceiveInterrupt
                        0x000071ff   0x16  Code  Lc  uart.o [1]
EnableReceiveInterrupt  0x000071e9   0x16  Code  Lc  uart.o [1]
FLASH_IRQHandler        0x0000020b         Code  Wk  cstartup_M.o [1]
FindLevelFromValue      0x00002865   0x86  Code  Gb  Inputs.o [1]
FireNodeAddressConflicted
                        0x00009ce5   0x28  Code  Gb  clspGeneric.o [1]
FireNodeAssignmentChanged
                        0x00009d0d   0x2c  Code  Gb  clspGeneric.o [1]
FireOnFrameReceived     0x00009d39   0x3a  Code  Gb  clspGeneric.o [1]
FromBcdByte             0x000070bb   0x1a  Code  Gb  CrProtocol.o [1]
GPIO_GetValue           0x00006a55   0x3e  Code  Gb  gpio.o [1]
GPIO_Init               0x0000694f   0x34  Code  Gb  gpio.o [1]
GPIO_IntClear           0x00006add   0x32  Code  Gb  gpio.o [1]
GPIO_IntStatus          0x00006a99   0x36  Code  Gb  gpio.o [1]
GPIO_SetDir             0x00006983   0x96  Code  Gb  gpio.o [1]
GPIO_SetValue           0x00006a19   0x3c  Code  Gb  gpio.o [1]
GetExtBoardType         0x000061e9    0x6  Code  Gb  IOExpansion.o [1]
GetFilterValue          0x000028fd   0x72  Code  Gb  Inputs.o [1]
HEAP$$Base              0x100019c0          --   Gb  - Linker created -
HEAP$$Limit             0x10001d60          --   Gb  - Linker created -
HardFault_Handler       0x0000bc81    0xa  Code  Gb  exceptionHandling.o [1]
I2C_ClearFlag           0x00007d5f    0x6  Code  Gb  i2c.o [1]
I2C_DeInit              0x00007c55   0x14  Code  Gb  i2c.o [1]
I2C_GetByte             0x00007d4b    0x6  Code  Gb  i2c.o [1]
I2C_GetI2CStatus        0x00007d51    0x6  Code  Gb  i2c.o [1]
I2C_IRQHandler          0x000064f9  0x1ac  Code  Gb  IOExpansion.o [1]
I2C_Init                0x00007c89   0xba  Code  Gb  i2c.o [1]
I2C_SendByte            0x00007d43    0x8  Code  Gb  i2c.o [1]
I2C_SetClock            0x00007c69   0x20  Code  Gb  i2c.o [1]
I2C_SetFlag             0x00007d57    0x8  Code  Gb  i2c.o [1]
IAP_CopyRAMToFlash      0x00007b2d   0x32  Code  Gb  iap.o [1]
IAP_PrepareSector       0x00007b05   0x28  Code  Gb  iap.o [1]
IAP_ReadSerialNumber    0x00007b5f   0xc2  Code  Gb  iap.o [1]
IOExp_ReadFuse          0x000063b1   0x34  Code  Gb  IOExpansion.o [1]
IOExp_ReadPower         0x000063f9   0x34  Code  Gb  IOExpansion.o [1]
IOExp_SetLed            0x000062a1   0x16  Code  Gb  IOExpansion.o [1]
IOExp_SetLedState       0x000062b7   0x98  Code  Gb  IOExpansion.o [1]
IOExp_SetOutput         0x0000634f   0x5e  Code  Gb  IOExpansion.o [1]
InitHigherOutputs       0x000061a9   0x40  Code  Gb  IOExpansion.o [1]
InitIOExpansion         0x00006495   0x58  Code  Gb  IOExpansion.o [1]
InitLowInputLEDs        0x0000612d   0x3c  Code  Gb  IOExpansion.o [1]
InitLowerOutputs        0x00006169   0x40  Code  Gb  IOExpansion.o [1]
InputLeds_DisableAutoNotification
                        0x0000676f   0x2e  Code  Gb  InputLeds.o [1]
InputLeds_EnableAutoNotification
                        0x0000679d   0x30  Code  Gb  InputLeds.o [1]
InputLeds_Init          0x000068b9   0x6e  Code  Gb  InputLeds.o [1]
InputLeds_InternalSetLed
                        0x000066c9   0x3c  Code  Gb  InputLeds.o [1]
InputLeds_SetState      0x00006705   0x6a  Code  Gb  InputLeds.o [1]
InputLeds_Task          0x00006827   0x92  Code  Gb  InputLeds.o [1]
InputsLeds_UpdateLEDs   0x000067cd   0x5a  Code  Gb  InputLeds.o [1]
Inputs_ActivateOutputs  0x000029f1   0x9e  Code  Gb  Inputs.o [1]
Inputs_BindOnDIPChanged
                        0x00001f71    0x6  Code  Gb  Inputs.o [1]
Inputs_BindOnInputChanged
                        0x00001f65    0x6  Code  Gb  Inputs.o [1]
Inputs_BindOnSpecialInputChanged
                        0x00001f6b    0x6  Code  Gb  Inputs.o [1]
Inputs_BindOutputToInput
                        0x0000242d   0xd2  Code  Gb  Inputs.o [1]
Inputs_FireAllStatuses  0x00002031   0x80  Code  Gb  Inputs.o [1]
Inputs_FireInputChange  0x00001f77   0x3a  Code  Gb  Inputs.o [1]
Inputs_Init             0x00002605  0x256  Code  Gb  Inputs.o [1]
Inputs_OnDIPChanged     0x10001278    0x4  Data  Gb  Inputs.o [1]
Inputs_OnInputChanged   0x10001270    0x4  Data  Gb  Inputs.o [1]
Inputs_OnSpecialInputChanged
                        0x10001274    0x4  Data  Gb  Inputs.o [1]
Inputs_RemapBsiStates   0x0000224f   0xa8  Code  Gb  Inputs.o [1]
Inputs_RemapDiStates    0x00002399   0x8a  Code  Gb  Inputs.o [1]
Inputs_ResetInput       0x000025cb   0x3a  Code  Gb  Inputs.o [1]
Inputs_SetBsiLevels     0x0000213b   0x52  Code  Gb  Inputs.o [1]
Inputs_SetBsiParameters
                        0x000021a5   0xaa  Code  Gb  Inputs.o [1]
Inputs_SetDefaultBSI    0x000020b1   0x34  Code  Gb  Inputs.o [1]
Inputs_SetDefaultDI     0x000020e5   0x20  Code  Gb  Inputs.o [1]
Inputs_SetDiParameters  0x000022fd   0x92  Code  Gb  Inputs.o [1]
Inputs_SetReportedInputs
                        0x00001fb1   0x3c  Code  Gb  Inputs.o [1]
Inputs_SetReportedInputsEx
                        0x00001fed    0xe  Code  Gb  Inputs.o [1]
Inputs_Task             0x00002b21  0x442  Code  Gb  Inputs.o [1]
Inputs_UnbindAll        0x000025a1   0x2a  Code  Gb  Inputs.o [1]
Inputs_UnbindOutputToInput
                        0x00002509   0x94  Code  Gb  Inputs.o [1]
Inputs_UnsetInput       0x00002105   0x36  Code  Gb  Inputs.o [1]
Inputs_UnsetReportedInputs
                        0x00001ffb   0x36  Code  Gb  Inputs.o [1]
InvMixColumns           0x0000ad95   0xa0  Code  Gb  cryptoaes.o [1]
InvShiftRows            0x0000ad2d   0x62  Code  Gb  cryptoaes.o [1]
InvSubBytes             0x0000aced   0x38  Code  Gb  cryptoaes.o [1]
InvokeNodeReleasedEvent
                        0x0000a767    0xe  Code  Gb  clsp485.o [1]
KeyExpansion            0x0000aa35   0xd8  Code  Gb  cryptoaes.o [1]
MemManage_Handler       0x0000bc8d    0x4  Code  Gb  exceptionHandling.o [1]
MixColumns              0x0000ab0d   0xfc  Code  Gb  cryptoaes.o [1]
NMI_Handler             0x0000020b         Code  Wk  cstartup_M.o [1]
NVIC_DisableIRQ         0x00007c47    0xe  Code  Lc  i2c.o [1]
NVIC_DisableIRQ         0x00005cc1    0xe  Code  Lc  systemInfo.o [1]
NVIC_DisableIRQ         0x0000714f    0xe  Code  Lc  uart.o [1]
NVIC_EnableIRQ          0x00006b69    0xe  Code  Lc  adc.o [1]
NVIC_EnableIRQ          0x00006941    0xe  Code  Lc  gpio.o [1]
NVIC_EnableIRQ          0x00007c39    0xe  Code  Lc  i2c.o [1]
NVIC_EnableIRQ          0x00007141    0xe  Code  Lc  uart.o [1]
NVIC_SetPriority        0x00005961   0x8c  Code  Lc  sysTick.o [1]
NVIC_SetPriority        0x0000715d   0x8c  Code  Lc  uart.o [1]
NVIC_SystemReset        0x0000bc69    0xe  Code  Lc  exceptionHandling.o [1]
NVIC_SystemReset        0x00005ccf    0xe  Code  Lc  systemInfo.o [1]
New                     0x00000125    0xa  Code  Gb  dmHandler.o [1]
Outputs_ActivateOutput  0x00003535   0xd8  Code  Gb  Outputs.o [1]
Outputs_BindOnOutputChanged
                        0x00002f79    0x6  Code  Gb  Outputs.o [1]
Outputs_BindOnOutputLogicStateChanged
                        0x00002f7f    0x6  Code  Gb  Outputs.o [1]
Outputs_ConfigFrequency
                        0x000033c7   0xa0  Code  Gb  Outputs.o [1]
Outputs_ConfigLevel     0x00003361   0x66  Code  Gb  Outputs.o [1]
Outputs_ConfigPulse     0x0000346d   0x94  Code  Gb  Outputs.o [1]
Outputs_EnsureMinDelayToOn
                        0x00003501   0x30  Code  Gb  Outputs.o [1]
Outputs_FireOutputChanged
                        0x00002f85   0x20  Code  Gb  Outputs.o [1]
Outputs_FireOutputLogicChanged
                        0x00002fa5   0x20  Code  Gb  Outputs.o [1]
Outputs_Init            0x000031cd  0x136  Code  Gb  Outputs.o [1]
Outputs_IsActivated     0x00003619   0x12  Code  Gb  Outputs.o [1]
Outputs_OnOutputChanged
                        0x10001288    0x4  Data  Gb  Outputs.o [1]
Outputs_OnOutputLogicStateChanged
                        0x1000128c    0x4  Data  Gb  Outputs.o [1]
Outputs_ProcessState    0x0000362b  0x1ac  Code  Gb  Outputs.o [1]
Outputs_ReportCurrentLogicState
                        0x00002fc5   0x18  Code  Gb  Outputs.o [1]
Outputs_SetBlockedOutputsEx
                        0x00003175   0x42  Code  Gb  Outputs.o [1]
Outputs_SetOutput       0x0000310f   0x66  Code  Gb  Outputs.o [1]
Outputs_SetReportedOutputs
                        0x00002fdd   0x5e  Code  Gb  Outputs.o [1]
Outputs_SetReportedOutputsEx
                        0x0000303b    0xe  Code  Gb  Outputs.o [1]
Outputs_SetReportedOutputsLogic
                        0x0000307f   0x4c  Code  Gb  Outputs.o [1]
Outputs_SetReportedOutputsLogicEx
                        0x000030cb    0xe  Code  Gb  Outputs.o [1]
Outputs_Task            0x000037dd  0x256  Code  Gb  Outputs.o [1]
Outputs_TurnAllOff      0x00003341   0x20  Code  Gb  Outputs.o [1]
Outputs_TurnOff         0x00003303   0x3e  Code  Gb  Outputs.o [1]
Outputs_UnsetReportedOutputs
                        0x00003049   0x36  Code  Gb  Outputs.o [1]
Outputs_UnsetReportedOutputsLogic
                        0x000030d9   0x36  Code  Gb  Outputs.o [1]
PIO0_IRQHandler         0x00006b3d   0x2c  Code  Gb  gpio.o [1]
PIO1_IRQHandler         0x0000020b         Code  Wk  cstartup_M.o [1]
PIO2_IRQHandler         0x0000020b         Code  Wk  cstartup_M.o [1]
PMU_IRQHandler          0x0000020b         Code  Wk  cstartup_M.o [1]
PendSV_Handler          0x0000bca1    0x4  Code  Gb  exceptionHandling.o [1]
ProcessI2CData          0x00006105   0x28  Code  Gb  IOExpansion.o [1]
RTC_IRQHandler          0x0000020b         Code  Wk  cstartup_M.o [1]
Rcon                    0x0000b86c  0x100  Data  Gb  cryptoaes.o [1]
Region$$Table$$Base     0x0000bcf8          --   Gb  - Linker created -
Region$$Table$$Limit    0x0000bd1c          --   Gb  - Linker created -
ResolveExtensionBoardType
                        0x000061ef   0xb2  Code  Gb  IOExpansion.o [1]
RoundKey                0x10000c04   0xb0  Data  Gb  cryptoaes.o [1]
SBoxInvertTable         0x0000b76c  0x100  Data  Gb  cryptoaes.o [1]
SBoxTable               0x0000b66c  0x100  Data  Gb  cryptoaes.o [1]
SSP0_IRQHandler         0x0000020b         Code  Wk  cstartup_M.o [1]
SVC_Handler             0x0000bc99    0x4  Code  Gb  exceptionHandling.o [1]
ShiftRows               0x0000ac41   0x62  Code  Gb  cryptoaes.o [1]
StartApplication        0x00007d9d         Code  Gb  StartApplication.o [1]
StartBootloader         0x00007da9         Code  Gb  StartApplication.o [1]
SubBytes                0x0000ac09   0x38  Code  Gb  cryptoaes.o [1]
SysInfo_DelayTask       0x00006051   0x20  Code  Gb  systemInfo.o [1]
SysInfo_DelayingTask    0x00005f85   0x28  Code  Gb  systemInfo.o [1]
SysInfo_DisableAllInterrupts
                        0x00005fbd   0x84  Code  Gb  systemInfo.o [1]
SysInfo_GetBootloaderVersion
                        0x00006075   0x44  Code  Gb  systemInfo.o [1]
SysInfo_GetCRPLevel     0x00005d5d   0x36  Code  Gb  systemInfo.o [1]
SysInfo_GetInputCount   0x00005d93    0x6  Code  Gb  systemInfo.o [1]
SysInfo_GetOutputCount  0x00005d99    0x6  Code  Gb  systemInfo.o [1]
SysInfo_Init            0x00005cdd    0xa  Code  Gb  systemInfo.o [1]
SysInfo_InitLEDs        0x00005d9f   0x30  Code  Gb  systemInfo.o [1]
SysInfo_ResetToBootloaderDelayed
                        0x00006045    0xc  Code  Gb  systemInfo.o [1]
SysInfo_RestartDCUDelayed
                        0x00005fb5    0x8  Code  Gb  systemInfo.o [1]
SysInfo_SetCRPLevel     0x00005d07   0x56  Code  Gb  systemInfo.o [1]
SysInfo_SetInputCount   0x00005ce7   0x10  Code  Gb  systemInfo.o [1]
SysInfo_SetOutputCount  0x00005cf7   0x10  Code  Gb  systemInfo.o [1]
SysInfo_SignalAddressConflict
                        0x00005e93   0x56  Code  Gb  systemInfo.o [1]
SysInfo_SignalAddressConflictTask
                        0x00005e35   0x5e  Code  Gb  systemInfo.o [1]
SysInfo_SignalConnectionDown
                        0x00005ef1   0x5c  Code  Gb  systemInfo.o [1]
SysInfo_SignalConnectionDownTask
                        0x00005dcf   0x4c  Code  Gb  systemInfo.o [1]
SysInfo_StopSignalling  0x00005f4d   0x20  Code  Gb  systemInfo.o [1]
SysInfo_SwitchAll       0x00005e1b   0x1a  Code  Gb  systemInfo.o [1]
SysTick_Config          0x000059ed   0x32  Code  Lc  sysTick.o [1]
SysTick_GetElapsedTime  0x00005aa9   0x2a  Code  Gb  sysTick.o [1]
SysTick_GetHour         0x00005ad5   0x10  Code  Gb  sysTick.o [1]
SysTick_GetMinute       0x00005ae5   0x18  Code  Gb  sysTick.o [1]
SysTick_GetSecond       0x00005afd   0x10  Code  Gb  sysTick.o [1]
SysTick_GetTickCount    0x00005aa3    0x6  Code  Gb  sysTick.o [1]
SysTick_Handler         0x00005a1f   0x62  Code  Gb  sysTick.o [1]
SysTick_InitMainTimer   0x00005a81   0x22  Code  Gb  sysTick.o [1]
SysTick_SetTime         0x00005b0d   0x30  Code  Gb  sysTick.o [1]
SystemInit              0x00009e6b   0x9c  Code  Gb  system_LPC122x.o [1]
SystemPLL_Setup         0x00009ddd   0x8e  Code  Gb  system_LPC122x.o [1]
System_RequestUpgrade   0x00009f07    0x8  Code  Gb  system_LPC122x.o [1]
Tasks_IncrementCounter  0x00005c29   0x30  Code  Gb  Tasks.o [1]
Tasks_Register          0x00005b6d   0x86  Code  Gb  Tasks.o [1]
Tasks_Run               0x00005c59   0x60  Code  Gb  Tasks.o [1]
Tasks_Unregister        0x00005bf3   0x36  Code  Gb  Tasks.o [1]
Test_CardGeneratorTask  0x00008111  0x130  Code  Gb  testing.o [1]
Test_CheckInputsStatus  0x00007f09   0x7a  Code  Gb  testing.o [1]
Test_FireIOTestOk       0x00007df9   0x1a  Code  Gb  testing.o [1]
Test_FireIOTestProgressNotifier
                        0x00007dbd   0x1e  Code  Gb  testing.o [1]
Test_FireIOTestTimeout  0x00007ddb   0x1e  Code  Gb  testing.o [1]
Test_GetRandomValue     0x000080ad   0x48  Code  Gb  testing.o [1]
Test_InitRandomGenerator
                        0x00008079   0x28  Code  Gb  testing.o [1]
Test_InputsTestTask     0x00007f85   0xf4  Code  Gb  testing.o [1]
Test_StartIOTest        0x00007e13   0xf6  Code  Gb  testing.o [1]
Test_ToggleADCGenerator
                        0x00008299   0x4a  Code  Gb  testing.o [1]
Test_ToggleCardGenerator
                        0x00008249   0x4c  Code  Gb  testing.o [1]
ToBcdByte               0x00007093   0x28  Code  Gb  CrProtocol.o [1]
UART0_IRQHandler        0x0000722d   0xb0  Code  Gb  uart.o [1]
UART1_IRQHandler        0x000072dd   0xb0  Code  Gb  uart.o [1]
UART_CalculateFDRValues
                        0x0000764d   0xe8  Code  Gb  uart.o [1]
UART_ClearInterrupts    0x00007751   0x12  Code  Gb  uart.o [1]
UART_FlushData          0x00007469   0xf4  Code  Gb  uart.o [1]
UART_GetBaudRate        0x00007215   0x18  Code  Gb  uart.o [1]
UART_Init               0x00007763  0x1a4  Code  Gb  uart.o [1]
UART_Receive            0x00007579   0xbe  Code  Gb  uart.o [1]
UART_Send               0x00007399   0xa4  Code  Gb  uart.o [1]
UsageFault_Handler      0x0000bc95    0x4  Code  Gb  exceptionHandling.o [1]
WAKE_UP0_IRQHandler     0x0000020b         Code  Wk  cstartup_M.o [1]
WAKE_UP10_IRQHandler    0x0000020b         Code  Wk  cstartup_M.o [1]
WAKE_UP11_IRQHandler    0x0000020b         Code  Wk  cstartup_M.o [1]
WAKE_UP1_IRQHandler     0x0000020b         Code  Wk  cstartup_M.o [1]
WAKE_UP2_IRQHandler     0x0000020b         Code  Wk  cstartup_M.o [1]
WAKE_UP3_IRQHandler     0x0000020b         Code  Wk  cstartup_M.o [1]
WAKE_UP4_IRQHandler     0x0000020b         Code  Wk  cstartup_M.o [1]
WAKE_UP5_IRQHandler     0x0000020b         Code  Wk  cstartup_M.o [1]
WAKE_UP6_IRQHandler     0x0000020b         Code  Wk  cstartup_M.o [1]
WAKE_UP7_IRQHandler     0x0000020b         Code  Wk  cstartup_M.o [1]
WAKE_UP8_IRQHandler     0x0000020b         Code  Wk  cstartup_M.o [1]
WAKE_UP9_IRQHandler     0x0000020b         Code  Wk  cstartup_M.o [1]
WDT_IRQHandler          0x0000020b         Code  Wk  cstartup_M.o [1]
WD_Kick                 0x00007ac5   0x24  Code  Gb  watchdog.o [1]
WD_MainThread           0x00007a7d   0x3c  Code  Gb  watchdog.o [1]
WD_Start                0x00007ab9    0xc  Code  Gb  watchdog.o [1]
_ADCValue               0x10000f6c   0x40  Data  Gb  adc.o [1]
_AES_buffer             0x1000101c   0x30  Data  Gb  cryptoaes.o [1]
_I2C_InitStructure      0x100010e8   0x10  Data  Lc  IOExpansion.o [1]
_I2C_MasterBuffer       0x10001194    0xc  Data  Gb  IOExpansion.o [1]
_I2C_MasterState        0x100013bb    0x1  Data  Gb  IOExpansion.o [1]
_I2C_SlaveBuffer        0x100011a0    0xc  Data  Gb  IOExpansion.o [1]
_RdIndex                0x10001254    0x4  Data  Gb  IOExpansion.o [1]
_ReadLength             0x1000124c    0x4  Data  Gb  IOExpansion.o [1]
_UART0_RxBuffer         0x10000804  0x100  Data  Gb  uart.o [1]
_UART0_RxCount          0x10001394    0x4  Data  Gb  uart.o [1]
_UART0_Status           0x10001390    0x4  Data  Gb  uart.o [1]
_UART0_Timestamp        0x1000139c    0x4  Data  Gb  uart.o [1]
_UART0_TxBuffer         0x10000904  0x100  Data  Gb  uart.o [1]
_UART0_TxCount          0x10001398    0x4  Data  Gb  uart.o [1]
_UART1_RxBuffer         0x10000a04  0x100  Data  Gb  uart.o [1]
_UART1_RxCount          0x100013a4    0x4  Data  Gb  uart.o [1]
_UART1_Status           0x100013a0    0x4  Data  Gb  uart.o [1]
_UART1_Timestamp        0x100013ac    0x4  Data  Gb  uart.o [1]
_UART1_TxBuffer         0x10000b04  0x100  Data  Gb  uart.o [1]
_UART1_TxCount          0x100013a8    0x4  Data  Gb  uart.o [1]
_WrIndex                0x10001258    0x4  Data  Gb  IOExpansion.o [1]
_WriteLength            0x10001250    0x4  Data  Gb  IOExpansion.o [1]
__aeabi_cfcmple         0x000085c5         Code  Gb  FltCmpLe.o [4]
__aeabi_cfrcmple        0x00008785         Code  Gb  FltCmpGe.o [4]
__aeabi_d2f             0x00008563         Code  Gb  DblToFlt.o [4]
__aeabi_dadd            0x000083bb         Code  Gb  DblAddSub.o [4]
__aeabi_f2d             0x00008389         Code  Gb  FltToDbl.o [4]
__aeabi_f2iz            0x00008749         Code  Gb  FltToS32.o [4]
__aeabi_f2uiz           0x0000832d         Code  Gb  FltToU32.o [4]
__aeabi_fadd            0x000087ad         Code  Gb  FltAddSub.o [4]
__aeabi_fdiv            0x0000869f         Code  Gb  FltDiv.o [4]
__aeabi_fmul            0x000085eb         Code  Gb  FltMul.o [4]
__aeabi_fsub            0x0000881d         Code  Gb  FltAddSub.o [4]
__aeabi_idiv            0x00007969         Code  Gb  I32DivMod.o [5]
__aeabi_idivmod         0x00007969         Code  Gb  I32DivMod.o [5]
__aeabi_memcpy4         0x00008355         Code  Gb  ABImemcpy.o [5]
__aeabi_memcpy8         0x00008355         Code  Gb  ABImemcpy.o [5]
__aeabi_ui2f            0x0000830d         Code  Gb  I32ToFlt.o [4]
__aeabi_uidiv           0x00007991         Code  Gb  I32DivMod.o [5]
__aeabi_uidivmod        0x00007991         Code  Gb  I32DivMod.o [5]
__cexit_clearlocks      0x0000bd77         Code  Gb  cexit.o [5]
__cmain                 0x0000bd55         Code  Gb  cmain.o [5]
__cstart_clearlocks     0x0000be2c         Data  Gb  cstart_clearlocks.o [5]
__data_Aldata           0x10001218    0x8  Data  Gb  xxmemxmalloc.o [3]
__data_GetMemChunk      0x00009db5   0x28  Code  Gb  xgetmemchunk.o [3]
__data_memzero          0x0000024b   0x12  Code  Gb  xxmemxmemzero.o [3]
__exit                  0x0000bd85   0x14  Code  Gb  exit.o [6]
__iar_Locksyslock       0x000089bf   0x46  Code  Gb  xsyslock.o [3]
__iar_SB                0x0000be2c         Data  Gb  bwt_init3c.o [5]
__iar_Unlocksyslock     0x00008a05   0x16  Code  Gb  xsyslock.o [3]
__iar_clearlocks        0x0000898d   0x32  Code  Gb  xsyslock.o [3]
__iar_copy_init3        0x00000141   0x2e  Code  Gb  copy_init3.o [5]
__iar_data_init3        0x0000bca5   0x2c  Code  Gb  data_init3.o [5]
__iar_program_start     0x0000bdf1         Code  Gb  cstartup_M.o [5]
__iar_ui2f              0x00008311         Code  Gb  I32ToFlt.o [4]
__iar_zero_init3        0x0000bcd1   0x28  Code  Gb  zero_init3.o [5]
__vector_table          0x00000000         Data  Gb  cstartup_M.o [1]
__vector_table_0x1c     0x0000001c         Data  Gb  cstartup_M.o [1]
_adcContext             0x100011b8    0xc  Data  Gb  adc.o [1]
_adcGenMaxInterval      0x100012a4    0x4  Data  Gb  adc.o [1]
_adcGenMinInterval      0x100012a0    0x4  Data  Gb  adc.o [1]
_adcIsGeneratorInit     0x1000129c    0x4  Data  Gb  adc.o [1]
_adcRandomContext       0x10000fec   0x30  Data  Gb  adc.o [1]
_adcValid               0x10001298    0x4  Data  Gb  adc.o [1]
_aesIV                  0x100012c0    0x4  Data  Gb  clsp485.o [1]
_aesKey                 0x100012bc    0x4  Data  Gb  clsp485.o [1]
_blockedOutputs         0x10001284    0x4  Data  Gb  Outputs.o [1]
_breakTimer             0x10001200    0x8  Data  Gb  InputLeds.o [1]
_call_main              0x0000bd61         Code  Gb  cmain.o [5]
_cardCount              0x100012f0    0x4  Data  Gb  communication.o [1]
_cardGenContext         0x100010d4   0x14  Data  Gb  testing.o [1]
_cardGenContextInit     0x1000136c    0x4  Data  Gb  testing.o [1]
_cardReaders            0x10000cb4   0xa0  Data  Gb  CrCommunicator.o [1]
_clockSource            0x10000058    0x4  Data  Gb  system_LPC122x.o [1]
_clsp485RemainingDataBytes
                        0x100012b0    0x4  Data  Gb  clsp485.o [1]
_clsp485RemainingHeaderBytes
                        0x100012ac    0x4  Data  Gb  clsp485.o [1]
_clspAppealForTransmissionSQNumber
                        0x10000040    0x4  Data  Gb  clsp485.o [1]
_clspFrameForPossibleRetry
                        0x100012e4    0x4  Data  Gb  clspGeneric.o [1]
_clspInConflict         0x100012e0    0x4  Data  Gb  clspGeneric.o [1]
_clspIsAssigned         0x100012d8    0x4  Data  Gb  clspGeneric.o [1]
_clspIsEncrypted        0x100012a8    0x4  Data  Gb  clsp485.o [1]
_clspLastFrameReceivedTimestamp
                        0x10000030    0x4  Data  Gb  clsp485.o [1]
_clspLastReceptionTime  0x10000034    0x4  Data  Gb  clsp485.o [1]
_clspLogicalAddress     0x100012d4    0x4  Data  Gb  clspGeneric.o [1]
_clspMasterProtocol     0x100012dc    0x4  Data  Gb  clspGeneric.o [1]
_clspNodeAssignmentCount
                        0x100012cc    0x4  Data  Gb  clsp485.o [1]
_clspNodeNotifiedTime   0x10000038    0x4  Data  Gb  clsp485.o [1]
_clspPreviousFrameMC    0x10000048    0x4  Data  Gb  clsp485.o [1]
_clspPreviousFrameSQ    0x10000044    0x4  Data  Gb  clsp485.o [1]
_clspReadingPhase       0x100012c4    0x4  Data  Gb  clsp485.o [1]
_clspReceivedDataChecksum
                        0x100012c8    0x4  Data  Gb  clsp485.o [1]
_clspReceivedFrame      0x10000ec4   0x58  Data  Gb  clsp485.o [1]
_clspResponseLatency    0x100012b4    0x4  Data  Gb  clsp485.o [1]
_clspResponseTimeout    0x100012b8    0x4  Data  Gb  clsp485.o [1]
_clspSuggestedAddress   0x100012d0    0x4  Data  Gb  clspGeneric.o [1]
_clspTxCount            0x100012e8    0x4  Data  Gb  clspGeneric.o [1]
_clspTxLLCount          0x100012ec    0x4  Data  Gb  clspGeneric.o [1]
_clspTxLLQueue          0x10001070   0x20  Data  Gb  clspGeneric.o [1]
_clspTxQueue            0x10000de0   0x80  Data  Gb  clspGeneric.o [1]
_crActualSizes          0x100011e8    0x8  Data  Gb  CrQueue.o [1]
_crCommFlags            0x10001224    0x4  Data  Gb  CrCommunicator.o [1]
_crFlashUploadRetries   0x10001244    0x4  Data  Gb  CrCommunicator.o [1]
_crMaxQueueCount        0x10001248    0x4  Data  Gb  CrQueue.o [1]
_crOnlineAssigned       0x10001300    0x4  Data  Gb  dsm.o [1]
_crPollingState         0x10000020    0x4  Data  Gb  CrCommunicator.o [1]
_crRequests             0x10000f1c   0x50  Data  Gb  CrQueue.o [1]
_crResponseMessage      0x10000e60   0x64  Data  Gb  CrCommunicator.o [1]
_crXtextPlacement       0x0000be28    0x4  Data  Gb  crNotify.o [1]
_defaultBSILevels       0x100011ac    0xc  Data  Gb  Inputs.o [1]
_defaultDILevel         0x1000126c    0x4  Data  Gb  Inputs.o [1]
_disableAutoNotification
                        0x10000024    0x4  Data  Gb  InputLeds.o [1]
_dsmConfig              0x10000d54   0x8c  Data  Gb  dsmConfig.o [1]
_dsmIsRunning           0x100012f4    0x4  Data  Gb  dsm.o [1]
_dsmMachine             0x1000104c   0x24  Data  Gb  dsm.o [1]
_eventCountryCodeConfirmed
                        0x10001188    0xc  Data  Gb  CrCommunicator.o [1]
_eventKeyPressed        0x10001164    0xc  Data  Gb  CrCommunicator.o [1]
_eventOnFrameReceived   0x100011d0    0xc  Data  Gb  clspGeneric.o [1]
_eventOnNodeAddressConflicted
                        0x100011dc    0xc  Data  Gb  clspGeneric.o [1]
_eventOnNodeAssignmentChanged
                        0x100011c4    0xc  Data  Gb  clspGeneric.o [1]
_eventOnlineStateChanged
                        0x10001158    0xc  Data  Gb  CrCommunicator.o [1]
_eventRawDataReceived   0x10001170    0xc  Data  Gb  CrCommunicator.o [1]
_eventTamperReturn      0x1000117c    0xc  Data  Gb  CrCommunicator.o [1]
_exit                   0x0000bd75         Code  Gb  cexit.o [5]
_extensionBoardType     0x100013ba    0x1  Data  Gb  IOExpansion.o [1]
_filterTable            0x10001118   0x10  Data  Gb  Inputs.o [1]
_iap_command            0x10001090   0x18  Data  Gb  iap.o [1]
_iap_return             0x100010c0   0x14  Data  Gb  iap.o [1]
_infoLed                0x100010f8   0x10  Data  Gb  InputLeds.o [1]
_inputChanged           0x10001260    0x4  Data  Gb  Inputs.o [1]
_inputCount             0x10001328    0x4  Data  Gb  systemInfo.o [1]
_inputStates            0x10001108   0x10  Data  Gb  Inputs.o [1]
_inputs                 0x1000006c  0x3c0  Data  Gb  Inputs.o [1]
_ioTestState            0x1000134c    0x4  Data  Gb  testing.o [1]
_isOverThreshold        0x100013b0    0x4  Data  Gb  watchdog.o [1]
_isRandomInitialized    0x10001368    0x4  Data  Gb  testing.o [1]
_lastCRAddress          0x10001240    0x4  Data  Gb  CrCommunicator.o [1]
_lastOutputSeq          0x1000004c    0x4  Data  Gb  communication.o [1]
_lastRequestTimeout     0x10001238    0x4  Data  Gb  CrCommunicator.o [1]
_lastRequestTimestamp   0x1000123c    0x4  Data  Gb  CrCommunicator.o [1]
_lastSignalToCR         0x10000068    0x1  Data  Gb  dsm.o [1]
_ledInitialized         0x10001338    0x4  Data  Gb  systemInfo.o [1]
_ledStatus              0x100011f0    0x8  Data  Gb  IOExpansion.o [1]
_main                   0x0000bd67         Code  Gb  cmain.o [5]
_maxNodeLookupSequence  0x1000002c    0x4  Data  Gb  clsp485.o [1]
_maxUnpolledTime        0x1000003c    0x4  Data  Gb  clsp485.o [1]
_milisecondsPerSecondCounter
                        0x10001320    0x4  Data  Gb  sysTick.o [1]
_outputCount            0x1000132c    0x4  Data  Gb  systemInfo.o [1]
_outputId               0x1000135c    0x4  Data  Gb  testing.o [1]
_outputIdFrom           0x10001360    0x4  Data  Gb  testing.o [1]
_outputIdTo             0x10001364    0x4  Data  Gb  testing.o [1]
_outputStatus           0x100013b8    0x2  Data  Gb  IOExpansion.o [1]
_outputsDelay           0x10001388    0x4  Data  Gb  timer32.o [1]
_outputsDescriptor      0x1000042c  0x1b0  Data  Gb  Outputs.o [1]
_overflowCount          0x1000131c    0x4  Data  Gb  sysTick.o [1]
_pauseRead              0x10001268    0x4  Data  Gb  Inputs.o [1]
_progress               0x10001350    0x4  Data  Gb  testing.o [1]
_randomX                0x10000064    0x4  Data  Gb  testing.o [1]
_readingPhase           0x10001220    0x4  Data  Gb  CrCommunicator.o [1]
_receivedCheckSumHigh   0x10001228    0x4  Data  Gb  CrCommunicator.o [1]
_receivedCheckSumLow    0x1000122c    0x4  Data  Gb  CrCommunicator.o [1]
_referenceValue         0x10001294    0x4  Data  Gb  adc.o [1]
_remainingDataBytes     0x10001234    0x4  Data  Gb  CrCommunicator.o [1]
_remainingHeaderBytes   0x10001230    0x4  Data  Gb  CrCommunicator.o [1]
_reportedInputs         0x10001264    0x4  Data  Gb  Inputs.o [1]
_reportedOutputs        0x1000127c    0x4  Data  Gb  Outputs.o [1]
_reportedOutputsLogic   0x10001280    0x4  Data  Gb  Outputs.o [1]
_secondOfTheDay         0x10001324    0x4  Data  Gb  sysTick.o [1]
_setImpCnt              0x100012f8    0x4  Data  Gb  dsm.o [1]
_shortTimer             0x100011f8    0x8  Data  Gb  InputLeds.o [1]
_signalLedID            0x10000050    0x4  Data  Gb  systemInfo.o [1]
_signalStartTime        0x10001330    0x4  Data  Gb  systemInfo.o [1]
_signalState            0x10001334    0x4  Data  Gb  systemInfo.o [1]
_signallingAddressConflict
                        0x1000133c    0x4  Data  Gb  systemInfo.o [1]
_signallingConnectionDown
                        0x10001340    0x4  Data  Gb  systemInfo.o [1]
_specialInputState      0x1000125c    0x4  Data  Gb  Inputs.o [1]
_specialInputs          0x100006fc  0x108  Data  Gb  Inputs.o [1]
_sysTickCount           0x10001318    0x4  Data  Gb  sysTick.o [1]
_systemAHBFrequency     0x10000060    0x4  Data  Gb  system_LPC122x.o [1]
_systemFrequency        0x1000005c    0x4  Data  Gb  system_LPC122x.o [1]
_tamperReturnAssigned   0x100012fc    0x4  Data  Gb  dsm.o [1]
_taskCount              0x10001290    0x4  Data  Gb  Tasks.o [1]
_taskDelay              0x10000054    0x4  Data  Gb  systemInfo.o [1]
_taskDelayStarted       0x10001344    0x4  Data  Gb  systemInfo.o [1]
_taskList               0x100005dc  0x120  Data  Gb  Tasks.o [1]
_taskToDelay            0x10001348    0x4  Data  Gb  systemInfo.o [1]
_testADCGenEnabled      0x10001374    0x4  Data  Gb  testing.o [1]
_testCardGenEnabled     0x10001370    0x4  Data  Gb  testing.o [1]
_testCase               0x10001354    0x4  Data  Gb  testing.o [1]
_timeout                0x10001358    0x4  Data  Gb  testing.o [1]
_timer16_0_capture      0x10001380    0x4  Data  Gb  timer16.o [1]
_timer16_0_counter      0x10001378    0x4  Data  Gb  timer16.o [1]
_timer16_1_capture      0x10001384    0x4  Data  Gb  timer16.o [1]
_timer16_1_counter      0x1000137c    0x4  Data  Gb  timer16.o [1]
_uartActualBaudrate     0x10001210    0x8  Data  Gb  uart.o [1]
_uidArray               0x10001148   0x10  Data  Gb  iap.o [1]
_uidChecksum            0x10000028    0x4  Data  Gb  clsp485.o [1]
_uidRead                0x10001314    0x4  Data  Gb  iap.o [1]
_unknownTimer           0x10001208    0x8  Data  Gb  InputLeds.o [1]
_wdDelay                0x1000138c    0x4  Data  Gb  timer32.o [1]
byAesCbcIV              0x10001138   0x10  Data  Gb  cryptoaes.o [1]
calloc                  0x000079bf   0x32  Code  Gb  xxmemxcalloc.o [3]
exit                    0x0000bd6b    0x8  Code  Gb  exit.o [3]
free                    0x000079f1   0x86  Code  Gb  xxmemxfree.o [3]
iap_entry               0x00007afd    0x8  Code  Gb  iap.o [1]
itoaCustom              0x000058db   0x84  Code  Gb  baseTypes.o [1]
main                    0x0000bb69   0x70  Code  Gb  main.o [1]
malloc                  0x000088cd   0xbc  Code  Gb  xxmemxmalloc.o [3]
memcpy                  0x00005879   0x14  Code  Gb  baseTypes.o [1]
memset                  0x0000588d   0x10  Code  Gb  baseTypes.o [1]
mtx                     0x100010ac   0x14  Data  Lc  xsyslock.o [3]
reverse                 0x000058af   0x2c  Code  Gb  baseTypes.o [1]
state                   0x10000fac   0x40  Data  Lc  cryptoaes.o [1]
strlen                  0x0000589d   0x12  Code  Gb  baseTypes.o [1]
syslock_o               0x100010a8    0x4  Data  Lc  xsyslock.o [3]
xtime                   0x0000b96c  0x100  Data  Gb  cryptoaes.o [1]


[1] = G:\w2OriginDCU\dcu\src\D_Application_RS485\Obj
[2] = command line
[3] = dl6M_tln.a
[4] = m6M_tl.a
[5] = rt6M_tl.a
[6] = shb_l.a

  46 731 bytes of readonly  code memory
   1 809 bytes of readonly  data memory
   7 513 bytes of readwrite data memory

Errors: none
Warnings: none
