###############################################################################
#                                                                             #
# IAR ELF Linker V6.30.3.53228/W32 for ARM              09/Apr/2026  10:49:22 #
# Copyright 2007-2011 IAR Systems AB.                                         #
#                                                                             #
#    Output file  =  C:\w2OriginDCU\dcu\dcu\src\R_Application_LON-16-48\Exe\c #
#                    .out.tmp                                                 #
#    Map file     =  C:\w2OriginDCU\dcu\dcu\src\R_Application_LON-16-48\List\ #
#                    c.map                                                    #
#    Command line =  C:\w2OriginDCU\dcu\dcu\src\R_Application_LON-16-48\Obj\C #
#                    ardReader.o C:\w2OriginDCU\dcu\dcu\src\R_Application_LON #
#                    -16-48\Obj\ClspAPI.o C:\w2OriginDCU\dcu\dcu\src\R_Applic #
#                    ation_LON-16-48\Obj\CrCommunicator.o                     #
#                    C:\w2OriginDCU\dcu\dcu\src\R_Application_LON-16-48\Obj\C #
#                    rProtocol.o C:\w2OriginDCU\dcu\dcu\src\R_Application_LON #
#                    -16-48\Obj\CrQueue.o C:\w2OriginDCU\dcu\dcu\src\R_Applic #
#                    ation_LON-16-48\Obj\DIPSwitch.o                          #
#                    C:\w2OriginDCU\dcu\dcu\src\R_Application_LON-16-48\Obj\I #
#                    OExpansion.o C:\w2OriginDCU\dcu\dcu\src\R_Application_LO #
#                    N-16-48\Obj\InputLeds.o C:\w2OriginDCU\dcu\dcu\src\R_App #
#                    lication_LON-16-48\Obj\Inputs.o                          #
#                    C:\w2OriginDCU\dcu\dcu\src\R_Application_LON-16-48\Obj\L #
#                    dvSci.o C:\w2OriginDCU\dcu\dcu\src\R_Application_LON-16- #
#                    48\Obj\LonControl.o C:\w2OriginDCU\dcu\dcu\src\R_Applica #
#                    tion_LON-16-48\Obj\Outputs.o                             #
#                    C:\w2OriginDCU\dcu\dcu\src\R_Application_LON-16-48\Obj\P #
#                    rocessor.o C:\w2OriginDCU\dcu\dcu\src\R_Application_LON- #
#                    16-48\Obj\ShortStackApi.o C:\w2OriginDCU\dcu\dcu\src\R_A #
#                    pplication_LON-16-48\Obj\ShortStackDev.o                 #
#                    C:\w2OriginDCU\dcu\dcu\src\R_Application_LON-16-48\Obj\S #
#                    hortStackHandlers.o C:\w2OriginDCU\dcu\dcu\src\R_Applica #
#                    tion_LON-16-48\Obj\ShortStackInternal.o                  #
#                    C:\w2OriginDCU\dcu\dcu\src\R_Application_LON-16-48\Obj\S #
#                    tartApplication.o C:\w2OriginDCU\dcu\dcu\src\R_Applicati #
#                    on_LON-16-48\Obj\Tasks.o C:\w2OriginDCU\dcu\dcu\src\R_Ap #
#                    plication_LON-16-48\Obj\adc.o                            #
#                    C:\w2OriginDCU\dcu\dcu\src\R_Application_LON-16-48\Obj\b #
#                    aseTypes.o C:\w2OriginDCU\dcu\dcu\src\R_Application_LON- #
#                    16-48\Obj\clsp485.o C:\w2OriginDCU\dcu\dcu\src\R_Applica #
#                    tion_LON-16-48\Obj\clspGeneric.o                         #
#                    C:\w2OriginDCU\dcu\dcu\src\R_Application_LON-16-48\Obj\c #
#                    ommunication.o C:\w2OriginDCU\dcu\dcu\src\R_Application_ #
#                    LON-16-48\Obj\core_cm0.o C:\w2OriginDCU\dcu\dcu\src\R_Ap #
#                    plication_LON-16-48\Obj\crNotify.o                       #
#                    C:\w2OriginDCU\dcu\dcu\src\R_Application_LON-16-48\Obj\c #
#                    ryptoaes.o C:\w2OriginDCU\dcu\dcu\src\R_Application_LON- #
#                    16-48\Obj\cstartup_M.o C:\w2OriginDCU\dcu\dcu\src\R_Appl #
#                    ication_LON-16-48\Obj\dmHandler.o                        #
#                    C:\w2OriginDCU\dcu\dcu\src\R_Application_LON-16-48\Obj\d #
#                    sm.o C:\w2OriginDCU\dcu\dcu\src\R_Application_LON-16-48\ #
#                    Obj\dsmConfig.o C:\w2OriginDCU\dcu\dcu\src\R_Application #
#                    _LON-16-48\Obj\exceptionHandling.o                       #
#                    C:\w2OriginDCU\dcu\dcu\src\R_Application_LON-16-48\Obj\f #
#                    lashStorage.o C:\w2OriginDCU\dcu\dcu\src\R_Application_L #
#                    ON-16-48\Obj\flashloader.o C:\w2OriginDCU\dcu\dcu\src\R_ #
#                    Application_LON-16-48\Obj\gpio.o                         #
#                    C:\w2OriginDCU\dcu\dcu\src\R_Application_LON-16-48\Obj\h #
#                    ashes.o C:\w2OriginDCU\dcu\dcu\src\R_Application_LON-16- #
#                    48\Obj\i2c.o C:\w2OriginDCU\dcu\dcu\src\R_Application_LO #
#                    N-16-48\Obj\iap.o C:\w2OriginDCU\dcu\dcu\src\R_Applicati #
#                    on_LON-16-48\Obj\main.o C:\w2OriginDCU\dcu\dcu\src\R_App #
#                    lication_LON-16-48\Obj\sysTick.o                         #
#                    C:\w2OriginDCU\dcu\dcu\src\R_Application_LON-16-48\Obj\s #
#                    ystemInfo.o C:\w2OriginDCU\dcu\dcu\src\R_Application_LON #
#                    -16-48\Obj\system_LPC122x.o                              #
#                    C:\w2OriginDCU\dcu\dcu\src\R_Application_LON-16-48\Obj\t #
#                    estMode.o C:\w2OriginDCU\dcu\dcu\src\R_Application_LON-1 #
#                    6-48\Obj\testing.o C:\w2OriginDCU\dcu\dcu\src\R_Applicat #
#                    ion_LON-16-48\Obj\timer16.o                              #
#                    C:\w2OriginDCU\dcu\dcu\src\R_Application_LON-16-48\Obj\t #
#                    imer32.o C:\w2OriginDCU\dcu\dcu\src\R_Application_LON-16 #
#                    -48\Obj\uart.o C:\w2OriginDCU\dcu\dcu\src\R_Application_ #
#                    LON-16-48\Obj\watchdog.o -o                              #
#                    C:\w2OriginDCU\dcu\dcu\src\R_Application_LON-16-48\Exe\c #
#                    .out.tmp --redirect _Printf=_PrintfFull --redirect       #
#                    _Scanf=_ScanfFull --map C:\w2OriginDCU\dcu\dcu\src\R_App #
#                    lication_LON-16-48\List\c.map --config                   #
#                    C:\w2OriginDCU\dcu\dcu\src\LPC1225_Flash_Application16.i #
#                    cf --semihosting --entry __iar_program_start --inline    #
#                    --no_exceptions --vfe                                    #
#                                                                             #
#                                                                             #
###############################################################################

*******************************************************************************
*** RUNTIME MODEL ATTRIBUTES
***

CppFlavor       = *
__Heap_Handler  = Basic
__SystemLibrary = DLib


*******************************************************************************
*** PLACEMENT SUMMARY
***

"A1":  place at 0x00004008 { ro section .intvec };
"P1":  place in [from 0x0000412c to 0x0000ffff] { ro };
"P2":  place in [from 0x10000000 to 0x10001faf] { rw, block CSTACK, block HEAP };

  Section            Kind        Address    Size  Object
  -------            ----        -------    ----  ------
"A1":                                       0xbc
  .intvec            ro code  0x00004008    0xbc  cstartup_M.o [1]
                            - 0x000040c4    0xbc

"P1":                                     0xa4ac
  .text              ro code  0x0000412c  0x15c4  dsm.o [1]
  .text              ro code  0x000056f0   0xb6c  Inputs.o [1]
  .text              ro code  0x0000625c   0x730  Outputs.o [1]
  .text              ro code  0x0000698c  0x127e  CrCommunicator.o [1]
  .text              ro code  0x00007c0a    0x1c  dmHandler.o [1]
  .text              ro code  0x00007c26    0x2e  copy_init3.o [5]
  .text              ro code  0x00007c54   0x678  dsmConfig.o [1]
  .text              ro code  0x000082cc   0x146  baseTypes.o [1]
  .text              ro code  0x00008412     0x2  cstartup_M.o [1]
  .text              ro code  0x00008414   0x180  sysTick.o [1]
  .text              ro code  0x00008594    0xf8  Tasks.o [1]
  .text              ro code  0x0000868c   0x3b4  systemInfo.o [1]
  .text              ro code  0x00008a40   0x4e0  IOExpansion.o [1]
  .text              ro code  0x00008f20   0x210  InputLeds.o [1]
  .text              ro code  0x00009130   0x2b4  gpio.o [1]
  .text              ro code  0x000093e4    0x68  DIPSwitch.o [1]
  .text              ro code  0x0000944c   0x298  adc.o [1]
  .text              ro code  0x000096e4   0x17a  CrQueue.o [1]
  .text              ro code  0x0000985e    0x40  hashes.o [1]
  .text              ro code  0x000098a0    0x94  CrProtocol.o [1]
  .text              ro code  0x00009934   0x774  uart.o [1]
  .text              ro code  0x0000a0a8    0x56  I32DivMod.o [5]
  .text              ro code  0x0000a0fe    0x32  xxmemxcalloc.o [3]
  .text              ro code  0x0000a130    0x8c  xxmemxfree.o [3]
  .text              ro code  0x0000a1bc    0x90  watchdog.o [1]
  .text              ro code  0x0000a24c    0xe8  iap.o [1]
  .text              ro code  0x0000a334   0x11c  i2c.o [1]
  .text              ro code  0x0000a450    0x20  StartApplication.o [1]
  .text              ro code  0x0000a470   0x9b8  LdvSci.o [1]
  .text              ro code  0x0000ae28   0x47c  testing.o [1]
  .text              ro code  0x0000b2a4    0x1e  I32ToFlt.o [4]
  .text              ro code  0x0000b2c4    0x26  FltToU32.o [4]
  .text              ro code  0x0000b2ec    0x5c  ABImemcpy.o [5]
  .text              ro code  0x0000b348    0x32  FltToDbl.o [4]
  .text              ro code  0x0000b37a   0x1a8  DblAddSub.o [4]
  .text              ro code  0x0000b522    0x62  DblToFlt.o [4]
  .text              ro code  0x0000b584    0x26  FltCmpLe.o [4]
  .text              ro code  0x0000b5aa    0xb4  FltMul.o [4]
  .text              ro code  0x0000b65e    0xaa  FltDiv.o [4]
  .text              ro code  0x0000b708    0x3a  FltToS32.o [4]
  .text              ro code  0x0000b744    0x28  FltCmpGe.o [4]
  .text              ro code  0x0000b76c   0x120  FltAddSub.o [4]
  .text              ro code  0x0000b88c    0xc0  xxmemxmalloc.o [3]
  .text              ro code  0x0000b94c    0x12  xxmemxmemzero.o [3]
  .text              ro code  0x0000b960    0x94  xsyslock.o [3]
  .text              ro code  0x0000b9f4   0xd18  communication.o [1]
  .text              ro code  0x0000c70c   0x518  LonControl.o [1]
  .text              ro code  0x0000cc24    0x24  Processor.o [1]
  .text              ro code  0x0000cc48   0x148  timer32.o [1]
  .text              ro code  0x0000cd90   0x33c  clspGeneric.o [1]
  .text              ro code  0x0000d0cc    0x28  xgetmemchunk.o [3]
  .text              ro code  0x0000d0f4   0x108  system_LPC122x.o [1]
  .text              ro code  0x0000d1fc   0x76c  ShortStackApi.o [1]
  .text              ro code  0x0000d968   0x260  ClspAPI.o [1]
  .text              ro code  0x0000dbc8   0x1b4  ShortStackDev.o [1]
  .text              ro code  0x0000dd7c   0x15a  ShortStackInternal.o [1]
  .text              ro code  0x0000ded6    0x40  ShortStackHandlers.o [1]
  .text              ro code  0x0000df18   0x46c  crNotify.o [1]
  .text              ro code  0x0000e384    0x64  main.o [1]
  .text              ro code  0x0000e3e8    0x60  timer16.o [1]
  .text              ro code  0x0000e448    0x38  exceptionHandling.o [1]
  .text              ro code  0x0000e480    0x2c  data_init3.o [5]
  .text              ro code  0x0000e4ac    0x28  zero_init3.o [5]
  .iar.init_table    const    0x0000e4d4    0x24  - Linker created -
  .text              ro code  0x0000e4f8    0x16  cmain.o [5]
  .text              ro code  0x0000e50e     0x8  exit.o [3]
  .text              ro code  0x0000e518     0xe  cexit.o [5]
  .text              ro code  0x0000e528    0x14  exit.o [6]
  .text              ro code  0x0000e53c     0xc  cstartup_M.o [5]
  .rodata            const    0x0000e548     0x4  ShortStackApi.o [1]
  .text              ro code  0x0000e54c     0x0  cstart_clearlocks.o [5]
  .rodata            const    0x0000e54c     0x0  bwt_init3c.o [5]
  Initializer bytes  ro data  0x0000e54c    0x8c  <for P2 s0>
                            - 0x0000e5d8  0xa4ac

"P2", part 1 of 3:                          0x8c
  P2 s0                       0x10000000    0x8c  <Init block>
    .data            inited   0x10000000    0x2c  InputLeds.o [1]
    .data            inited   0x1000002c    0x20  CrCommunicator.o [1]
    .data            inited   0x1000004c    0x18  systemInfo.o [1]
    .data            inited   0x10000064     0xc  systemInfo.o [1]
    .data            inited   0x10000070     0xc  system_LPC122x.o [1]
    .data            inited   0x1000007c     0x8  testing.o [1]
    .data            inited   0x10000084     0x4  communication.o [1]
    .data            inited   0x10000088     0x1  ShortStackDev.o [1]
    .data            inited   0x10000089     0x1  dsm.o [1]
                            - 0x1000008c    0x8c

"P2", part 2 of 3:                        0x14fc
  .bss               zero     0x1000008c   0x4c8  Inputs.o [1]
  .bss               zero     0x10000554   0x1b0  Outputs.o [1]
  .bss               zero     0x10000704   0x150  LdvSci.o [1]
  .bss               zero     0x10000854   0x150  LdvSci.o [1]
  .bss               zero     0x100009a4   0x124  uart.o [1]
  .bss               zero     0x10000ac8   0x120  Tasks.o [1]
  .bss               zero     0x10000be8   0x100  uart.o [1]
  .bss               zero     0x10000ce8   0x100  uart.o [1]
  .bss               zero     0x10000de8   0x100  uart.o [1]
  .bss               zero     0x10000ee8    0x98  CrCommunicator.o [1]
  .bss               zero     0x10000f80    0x8c  dsmConfig.o [1]
  .bss               zero     0x1000100c    0x80  clspGeneric.o [1]
  .bss               zero     0x1000108c    0x7c  CrCommunicator.o [1]
  .bss               zero     0x10001108    0x7c  adc.o [1]
  .bss               zero     0x10001184    0x6c  LonControl.o [1]
  .bss               zero     0x100011f0    0x58  CrQueue.o [1]
  .bss               zero     0x10001248    0x50  LdvSci.o [1]
  .bss               zero     0x10001298    0x44  Inputs.o [1]
  .bss               zero     0x100012dc    0x40  iap.o [1]
  .bss               zero     0x1000131c    0x34  IOExpansion.o [1]
  .bss               zero     0x10001350    0x34  ShortStackApi.o [1]
  .bss               zero     0x10001384    0x34  clspGeneric.o [1]
  .bss               zero     0x100013b8    0x30  dsm.o [1]
  .bss               zero     0x100013e8    0x1c  testing.o [1]
  .bss               zero     0x10001404    0x1c  testing.o [1]
  .bss               zero     0x10001420    0x18  ClspAPI.o [1]
  .bss               zero     0x10001438    0x18  xsyslock.o [3]
  .bss               zero     0x10001450    0x15  ShortStackApi.o [1]
  .bss               zero     0x10001468    0x14  CrCommunicator.o [1]
  .bss               zero     0x1000147c    0x14  adc.o [1]
  .bss               zero     0x10001490    0x11  IOExpansion.o [1]
  .bss               zero     0x100014a4    0x10  sysTick.o [1]
  .bss               zero     0x100014b4    0x10  timer16.o [1]
  .bss               zero     0x100014c4     0xc  CrCommunicator.o [1]
  .bss               zero     0x100014d0     0xc  CrCommunicator.o [1]
  .bss               zero     0x100014dc     0xc  clspGeneric.o [1]
  .bss               zero     0x100014e8     0xc  clspGeneric.o [1]
  .bss               zero     0x100014f4     0xc  clspGeneric.o [1]
  .bss               zero     0x10001500     0x8  Inputs.o [1]
  .bss               zero     0x10001508     0x8  LdvSci.o [1]
  .bss               zero     0x10001510     0x8  Outputs.o [1]
  .bss               zero     0x10001518     0x8  Outputs.o [1]
  .bss               zero     0x10001520     0x8  ShortStackDev.o [1]
  .bss               zero     0x10001528     0x8  systemInfo.o [1]
  .bss               zero     0x10001530     0x8  timer32.o [1]
  .bss               zero     0x10001538     0x8  xxmemxmalloc.o [3]
  .bss               zero     0x10001540     0x4  LdvSci.o [1]
  .bss               zero     0x10001544     0x4  Outputs.o [1]
  .bss               zero     0x10001548     0x4  ShortStackDev.o [1]
  .bss               zero     0x1000154c     0x4  ShortStackDev.o [1]
  .bss               zero     0x10001550     0x4  ShortStackDev.o [1]
  .bss               zero     0x10001554     0x4  ShortStackDev.o [1]
  .bss               zero     0x10001558     0x4  ShortStackDev.o [1]
  .bss               zero     0x1000155c     0x4  Tasks.o [1]
  .bss               zero     0x10001560     0x4  clspGeneric.o [1]
  .bss               zero     0x10001564     0x4  clspGeneric.o [1]
  .bss               zero     0x10001568     0x4  communication.o [1]
  .bss               zero     0x1000156c     0x4  dsmConfig.o [1]
  .bss               zero     0x10001570     0x4  dsmConfig.o [1]
  .bss               zero     0x10001574     0x4  dsmConfig.o [1]
  .bss               zero     0x10001578     0x4  dsmConfig.o [1]
  .bss               zero     0x1000157c     0x4  testing.o [1]
  .bss               zero     0x10001580     0x4  watchdog.o [1]
  .bss               zero     0x10001584     0x4  xgetmemchunk.o [3]
                            - 0x10001588  0x14fc

"P2", part 3 of 3:                         0x9a0
  CSTACK                      0x10001588   0x600  <Block>
    CSTACK           uninit   0x10001588   0x600  <Block tail>
  HEAP                        0x10001b88   0x3a0  <Block>
    HEAP             uninit   0x10001b88   0x3a0  <Block tail>
                            - 0x10001f28   0x9a0


*******************************************************************************
*** INIT TABLE
***

          Address     Size
          -------     ----
Zero (__iar_zero_init3)
    1 destination range, total size 0x14fc:
          0x1000008c  0x14fc

Copy (__iar_copy_init3)
    1 source range, total size 0x8c (101% of destination):
          0x0000e54c    0x8c
    1 destination range, total size 0x8a:
          0x10000000    0x8a



*******************************************************************************
*** MODULE SUMMARY
***

    Module                ro code  ro data  rw data
    ------                -------  -------  -------
C:\w2OriginDCU\dcu\dcu\src\R_Application_LON-16-48\Obj: [1]
    ClspAPI.o                 608                24
    CrCommunicator.o        4 734       32      352
    CrProtocol.o              148
    CrQueue.o                 378                88
    DIPSwitch.o               104
    IOExpansion.o           1 248                69
    InputLeds.o               528       44       44
    Inputs.o                2 924             1 300
    LdvSci.o                2 488               764
    LonControl.o            1 304               108
    Outputs.o               1 840               452
    Processor.o                36
    ShortStackApi.o         1 900        4       73
    ShortStackDev.o           436        1       29
    ShortStackHandlers.o       64
    ShortStackInternal.o      346
    StartApplication.o         32
    Tasks.o                   248               292
    adc.o                     664               144
    baseTypes.o               326
    clspGeneric.o             828               224
    communication.o         3 352        4        8
    crNotify.o              1 132
    cstartup_M.o              190
    dmHandler.o                28
    dsm.o                   5 572        1       49
    dsmConfig.o             1 656               156
    exceptionHandling.o        56
    gpio.o                    692
    hashes.o                   64
    i2c.o                     284
    iap.o                     232                64
    main.o                    100
    sysTick.o                 384                16
    systemInfo.o              948       36       44
    system_LPC122x.o          264       12       12
    testing.o               1 148        8       68
    timer16.o                  96                16
    timer32.o                 328                 8
    uart.o                  1 908             1 060
    watchdog.o                144                 4
    -----------------------------------------------
    Total:                 39 762      142    5 468

command line: [2]
    -----------------------------------------------
    Total:

dl6M_tln.a: [3]
    exit.o                      8
    xgetmemchunk.o             40                 4
    xsyslock.o                148                24
    xxmemxcalloc.o             50
    xxmemxfree.o              140
    xxmemxmalloc.o            192                 8
    xxmemxmemzero.o            18
    -----------------------------------------------
    Total:                    596                36

m6M_tl.a: [4]
    DblAddSub.o               424
    DblToFlt.o                 98
    FltAddSub.o               288
    FltCmpGe.o                 40
    FltCmpLe.o                 38
    FltDiv.o                  170
    FltMul.o                  180
    FltToDbl.o                 50
    FltToS32.o                 58
    FltToU32.o                 38
    I32ToFlt.o                 30
    -----------------------------------------------
    Total:                  1 414

rt6M_tl.a: [5]
    ABImemcpy.o                92
    I32DivMod.o                86
    bwt_init3c.o
    cexit.o                    14
    cmain.o                    22
    copy_init3.o               46
    cstart_clearlocks.o
    cstartup_M.o               12
    data_init3.o               44
    zero_init3.o               40
    -----------------------------------------------
    Total:                    356

shb_l.a: [6]
    exit.o                     20
    -----------------------------------------------
    Total:                     20

    Gaps                       16                 6
    Linker created                      38    2 464
---------------------------------------------------
    Grand Total:           42 164      180    7 974


*******************************************************************************
*** ENTRY LIST
***

Entry                      Address   Size  Type      Object
-----                      -------   ----  ----      ------
?main                   0x0000e4f9         Code  Gb  cmain.o [5]
ADC_IRQHandler          0x00009611   0x9c  Code  Gb  adc.o [1]
ADC_Init                0x00009579   0x7e  Code  Gb  adc.o [1]
ADC_InitGenerator       0x00009515    0xc  Code  Gb  adc.o [1]
ADC_IsValid             0x000095f7    0x6  Code  Gb  adc.o [1]
ADC_RandomTask          0x00009521   0x58  Code  Gb  adc.o [1]
ADC_RefreshValidState   0x00005f01   0x58  Code  Gb  Inputs.o [1]
ADC_SelectInputs        0x0000945b   0xba  Code  Gb  adc.o [1]
ADC_StartNewConversion  0x000095fd   0x14  Code  Gb  adc.o [1]
AnalyzeCrIdentity       0x000073cd   0x22  Code  Gb  CrCommunicator.o [1]
AnalyzeCrNotInitialized
                        0x00007407   0xbe  Code  Gb  CrCommunicator.o [1]
AnalyzeDataReceived     0x000074f3   0x2c  Code  Gb  CrCommunicator.o [1]
AnalyzeKeyPressed       0x000074c5   0x2e  Code  Gb  CrCommunicator.o [1]
AnalyzeProtocolVersion  0x0000735b   0x72  Code  Gb  CrCommunicator.o [1]
AnalyzeReset            0x000073ef   0x18  Code  Gb  CrCommunicator.o [1]
AnalyzeRspAck           0x0000751f   0x56  Code  Gb  CrCommunicator.o [1]
AnalyzeRspServiceAck    0x0000757d   0x68  Code  Gb  CrCommunicator.o [1]
BOD_IRQHandler          0x00008413         Code  Wk  cstartup_M.o [1]
BusFault_Handler        0x0000e46d    0x4  Code  Gb  exceptionHandling.o [1]
CMP_IRQHandler          0x00008413         Code  Wk  cstartup_M.o [1]
CR_AccessCommand        0x00006f99  0x208  Code  Gb  CrCommunicator.o [1]
CR_ChangeOnlineState    0x00006a65   0x38  Code  Gb  CrCommunicator.o [1]
CR_ClearDisplay         0x000072c9   0x30  Code  Gb  CrCommunicator.o [1]
CR_DisplayInfoTab       0x000071cd   0x62  Code  Gb  CrCommunicator.o [1]
CR_DisplayText          0x000072fb   0x60  Code  Gb  CrCommunicator.o [1]
CR_HasDisplay           0x00007bcd   0x3e  Code  Gb  CrCommunicator.o [1]
CR_PeripheralMode       0x00007261   0x44  Code  Gb  CrCommunicator.o [1]
CR_RawAccessCommand     0x000071b1   0x1c  Code  Gb  CrCommunicator.o [1]
CR_RawDisplayInfoTab    0x0000722f   0x32  Code  Gb  CrCommunicator.o [1]
CR_RawPeripheralMode    0x000072a5   0x24  Code  Gb  CrCommunicator.o [1]
CR_SetCountryCode       0x00006f51   0x32  Code  Gb  CrCommunicator.o [1]
CR_SetInitialValues     0x00006ab1   0x40  Code  Gb  CrCommunicator.o [1]
CR_SetPresentationMask  0x00006f23   0x2e  Code  Gb  CrCommunicator.o [1]
CR_SetState             0x00006af1   0x3a  Code  Gb  CrCommunicator.o [1]
CR_SetTime              0x00006ec9   0x5a  Code  Gb  CrCommunicator.o [1]
CR_ValidateCommandSuitable
                        0x00006f83   0x16  Code  Gb  CrCommunicator.o [1]
CSTACK$$Base            0x10001588          --   Gb  - Linker created -
CSTACK$$Limit           0x10001b88          --   Gb  - Linker created -
CT16B0_IRQHandler       0x0000e3e9   0x2a  Code  Gb  timer16.o [1]
CT16B1_IRQHandler       0x0000e413   0x2a  Code  Gb  timer16.o [1]
CT32B0_IRQHandler       0x00008413         Code  Wk  cstartup_M.o [1]
CT32B1_IRQHandler       0x0000cc9f   0x5a  Code  Gb  timer32.o [1]
CalculateFilterTime     0x00005e41   0x58  Code  Gb  Inputs.o [1]
CheckIOPresence         0x00008d09   0x48  Code  Gb  IOExpansion.o [1]
ClspLon_BroadcastUniqueId
                        0x0000d9ad   0x42  Code  Gb  ClspAPI.o [1]
ClspLon_CheckDIPChange  0x0000da33   0x3c  Code  Gb  ClspAPI.o [1]
ClspLon_ComposeByFrameAndSend
                        0x0000da9f   0xb2  Code  Gb  ClspAPI.o [1]
ClspLon_CreateFrameFromData
                        0x0000db51   0x2a  Code  Gb  ClspAPI.o [1]
ClspLon_EnqueueAlive    0x0000da15   0x1e  Code  Gb  ClspAPI.o [1]
ClspLon_ForceNodeRelease
                        0x0000db7b   0x36  Code  Gb  ClspAPI.o [1]
ClspLon_InternalCreateFrame
                        0x0000da6f   0x30  Code  Gb  ClspAPI.o [1]
ClspLon_SendAlive       0x0000d9ef   0x26  Code  Gb  ClspAPI.o [1]
ClspLon_UpdateDomain    0x0000d969   0x44  Code  Gb  ClspAPI.o [1]
Clsp_BindOnFrameReceived
                        0x0000cdf1   0x30  Code  Gb  clspGeneric.o [1]
Clsp_BindOnNodeAddressConflicted
                        0x0000cdc1   0x30  Code  Gb  clspGeneric.o [1]
Clsp_BindOnNodeAssignmentChanged
                        0x0000cd91   0x30  Code  Gb  clspGeneric.o [1]
Clsp_ClearQueues        0x0000cf77   0x46  Code  Gb  clspGeneric.o [1]
Clsp_CreateFrame        0x0000cff5   0x26  Code  Gb  clspGeneric.o [1]
Clsp_EnqueueFrame       0x0000ce47   0xaa  Code  Gb  clspGeneric.o [1]
Clsp_EnqueueLLFrame     0x0000ce21   0x26  Code  Gb  clspGeneric.o [1]
Clsp_GetSuggestedAddress
                        0x0000d09f    0x6  Code  Gb  clspGeneric.o [1]
Clsp_InternalCreateFrame
                        0x0000cfbd   0x38  Code  Gb  clspGeneric.o [1]
Clsp_IsAssigned         0x0000d0a5    0x6  Code  Gb  clspGeneric.o [1]
Clsp_IsInConflict       0x0000d0ab    0x6  Code  Gb  clspGeneric.o [1]
Clsp_PopLinkLayerQueue  0x0000cef1   0x42  Code  Gb  clspGeneric.o [1]
Clsp_PopQueue           0x0000cf33   0x44  Code  Gb  clspGeneric.o [1]
Comm_FireMemoryRestore  0x0000bbe3   0x1e  Code  Gb  communication.o [1]
Comm_FireMemoryWarning  0x0000bbc1   0x22  Code  Gb  communication.o [1]
Comm_FireResultNotifier
                        0x0000ba3d   0x14  Code  Gb  communication.o [1]
Comm_Get16BitValue      0x0000bc8d    0xa  Code  Gb  communication.o [1]
Comm_Get32BitValue      0x0000bc63   0x16  Code  Gb  communication.o [1]
Comm_Init               0x0000c6db   0x16  Code  Gb  communication.o [1]
Comm_OnCrDataReceived   0x0000bb73   0x4e  Code  Gb  communication.o [1]
Comm_OnCrOnlineStateChanged
                        0x0000bb1d   0x56  Code  Gb  communication.o [1]
Comm_OnDIPChanged       0x0000bab7   0x1e  Code  Gb  communication.o [1]
Comm_OnDSMStateChanged  0x0000bad5   0x26  Code  Gb  communication.o [1]
Comm_OnFrameReceived    0x0000c6c9   0x12  Code  Gb  communication.o [1]
Comm_OnInputChanged     0x0000ba51   0x22  Code  Gb  communication.o [1]
Comm_OnNodeAssigned     0x0000c6ab   0x1e  Code  Gb  communication.o [1]
Comm_OnOutputChanged    0x0000ba95   0x22  Code  Gb  communication.o [1]
Comm_OnOutputLogicStateChanged
                        0x0000bafb   0x22  Code  Gb  communication.o [1]
Comm_OnSpecialInputChanged
                        0x0000ba73   0x22  Code  Gb  communication.o [1]
Comm_ProcessCommand     0x0000bd5d  0x94e  Code  Gb  communication.o [1]
Comm_RegisterCallbacks  0x0000bc01   0x62  Code  Gb  communication.o [1]
Comm_ReportDeviceInfo   0x0000bc97   0x32  Code  Gb  communication.o [1]
Comm_ReportFWVersion    0x0000bcc9   0x6a  Code  Gb  communication.o [1]
Comm_SendACK            0x0000b9f5   0x22  Code  Gb  communication.o [1]
Comm_SendNACK           0x0000ba17   0x26  Code  Gb  communication.o [1]
Comm_Set32BitValue      0x0000bc79   0x14  Code  Gb  communication.o [1]
ConceptRequest          0x00006b2b   0x44  Code  Gb  CrCommunicator.o [1]
CopyAll                 0x00008323   0x10  Code  Gb  baseTypes.o [1]
CopySafe                0x000082cd   0x56  Code  Gb  baseTypes.o [1]
CrCommunicator_BindCountryCodeConfirmed
                        0x00006a1d   0x30  Code  Gb  CrCommunicator.o [1]
CrCommunicator_BindOnlineStateChanged
                        0x0000698d   0x30  Code  Gb  CrCommunicator.o [1]
CrCommunicator_BindRawDataReceived
                        0x000069bd   0x30  Code  Gb  CrCommunicator.o [1]
CrCommunicator_BindTamperReturn
                        0x000069ed   0x30  Code  Gb  CrCommunicator.o [1]
CrCommunicator_CheckReceptionTimeoutTask
                        0x000079c3   0x7a  Code  Gb  CrCommunicator.o [1]
CrCommunicator_ConceptAndEnqueue
                        0x00006b71  0x13a  Code  Gb  CrCommunicator.o [1]
CrCommunicator_FireOnlineEvents
                        0x00007b71   0x3c  Code  Gb  CrCommunicator.o [1]
CrCommunicator_GetCR    0x00006a4d   0x18  Code  Gb  CrCommunicator.o [1]
CrCommunicator_Init     0x00007acf   0x9c  Code  Gb  CrCommunicator.o [1]
CrCommunicator_OnResponseRecieved
                        0x000075e9  0x1e0  Code  Gb  CrCommunicator.o [1]
CrCommunicator_PHDParsing
                        0x00006cab  0x1f2  Code  Gb  CrCommunicator.o [1]
CrCommunicator_ReceiveTask
                        0x000077c9    0xe  Code  Gb  CrCommunicator.o [1]
CrCommunicator_RequestBegin
                        0x000077e1  0x1e2  Code  Gb  CrCommunicator.o [1]
CrCommunicator_SendPollingMessage
                        0x00006ea9   0x20  Code  Gb  CrCommunicator.o [1]
CrCommunicator_TransmitTask
                        0x00007a41   0x8e  Code  Gb  CrCommunicator.o [1]
CrNotify_CROnlineStateChanged
                        0x0000e243   0x32  Code  Gb  crNotify.o [1]
CrNotify_ClspNodeAddressConflicted
                        0x0000e2d9   0x24  Code  Gb  crNotify.o [1]
CrNotify_ClspNodeAssignmentChanged
                        0x0000e275   0x64  Code  Gb  crNotify.o [1]
CrNotify_Init           0x0000e2fd   0x16  Code  Gb  crNotify.o [1]
CrNotify_ShowCrInfo     0x0000dfad  0x1ac  Code  Gb  crNotify.o [1]
CrNotify_ShowLink       0x0000e171   0xd2  Code  Gb  crNotify.o [1]
CrNotify_ShowLinkText   0x0000df19   0x82  Code  Gb  crNotify.o [1]
CrProtocol_GetBaudRateEnum
                        0x000098e5   0x50  Code  Gb  CrProtocol.o [1]
CrQueue_AllocRequest    0x00009841   0x1e  Code  Gb  CrQueue.o [1]
CrQueue_Clear           0x000096fd   0x42  Code  Gb  CrQueue.o [1]
CrQueue_Count           0x000096e5   0x18  Code  Gb  CrQueue.o [1]
CrQueue_Enqueue         0x0000973f   0xa8  Code  Gb  CrQueue.o [1]
CrQueue_Pop             0x000097e7   0x54  Code  Gb  CrQueue.o [1]
Crc8                    0x0000985f   0x40  Code  Gb  hashes.o [1]
CtsInterruptHandler     0x0000ab15   0x52  Code  Gb  LdvSci.o [1]
CurrentNmNdStatus       0x10001464    0x1  Data  Gb  ShortStackApi.o [1]
CyclicIncrement         0x0000a5d5   0x60  Code  Lc  LdvSci.o [1]
DIP_GetFrom             0x00009435   0x18  Code  Gb  DIPSwitch.o [1]
DIP_Init                0x000093e5   0x4a  Code  Gb  DIPSwitch.o [1]
DMA_IRQHandler          0x00008413         Code  Wk  cstartup_M.o [1]
DSM_ActivateActuator    0x00004851   0x26  Code  Gb  dsm.o [1]
DSM_ActivateOutput      0x0000829b   0x20  Code  Gb  dsmConfig.o [1]
DSM_ActivateSpecialOutput
                        0x00004877   0xc4  Code  Gb  dsm.o [1]
DSM_AssignCRs           0x00004591  0x132  Code  Gb  dsm.o [1]
DSM_BindOnEnabledAlarmChanged
                        0x00007c67    0x6  Code  Gb  dsmConfig.o [1]
DSM_BindOnSpecialOutputAdded
                        0x00007c5b    0x6  Code  Gb  dsmConfig.o [1]
DSM_BindOnSpecialOutputRemoved
                        0x00007c61    0x6  Code  Gb  dsmConfig.o [1]
DSM_BindOnStateChanged  0x00007c55    0x6  Code  Gb  dsmConfig.o [1]
DSM_BindOutputToInput   0x000081fd   0x10  Code  Gb  dsmConfig.o [1]
DSM_Callback            0x0000412d   0x4a  Code  Gb  dsm.o [1]
DSM_CheckDoorSensorSabotage
                        0x000050e1   0x2c  Code  Gb  dsm.o [1]
DSM_CheckPushButton     0x00004e59   0xd2  Code  Gb  dsm.o [1]
DSM_CheckSensor         0x0000493b   0x50  Code  Gb  dsm.o [1]
DSM_CheckSensors        0x0000511d   0xcc  Code  Gb  dsm.o [1]
DSM_ConfigFrequency     0x0000823f   0x32  Code  Gb  dsmConfig.o [1]
DSM_ConfigLevel         0x0000821d   0x22  Code  Gb  dsmConfig.o [1]
DSM_ConfigPulse         0x00008271   0x2a  Code  Gb  dsmConfig.o [1]
DSM_DeactivateSpecialOutputs
                        0x00004d45   0x64  Code  Gb  dsm.o [1]
DSM_DoBinding           0x00004ba1   0x1c  Code  Gb  dsm.o [1]
DSM_EnableAlarms        0x00008053   0x4c  Code  Gb  dsmConfig.o [1]
DSM_ForceUnlocked       0x00004f79  0x13c  Code  Gb  dsm.o [1]
DSM_GetSignalForState   0x000050b5   0x2c  Code  Gb  dsm.o [1]
DSM_HandleUnlockedState
                        0x00004515   0x5c  Code  Lc  dsm.o [1]
DSM_HostStateChanged    0x00004177   0x16  Code  Gb  dsm.o [1]
DSM_InformCR            0x00004261  0x1d2  Code  Gb  dsm.o [1]
DSM_InformCRs           0x00004439   0x22  Code  Gb  dsm.o [1]
DSM_Init                0x00007c6d   0x94  Code  Gb  dsmConfig.o [1]
DSM_InvokeIntrusionAlarm
                        0x00007e25   0x1a  Code  Gb  dsmConfig.o [1]
DSM_IsAccessGranted     0x00004e1f   0x18  Code  Gb  dsm.o [1]
DSM_IsCRAssigned        0x0000418d   0x1e  Code  Gb  dsm.o [1]
DSM_IsCRSuppressed      0x000041ab   0x3a  Code  Gb  dsm.o [1]
DSM_LooseCR             0x000044cb   0x4a  Code  Gb  dsm.o [1]
DSM_OnCRCountryCodeConfirmed
                        0x00004a77   0x1c  Code  Gb  dsm.o [1]
DSM_OnCROnline          0x00004a93   0x18  Code  Gb  dsm.o [1]
DSM_OnCRTamperReturn    0x00004a5f   0x18  Code  Gb  dsm.o [1]
DSM_OnEnabledAlarmChanged
                        0x10001578    0x4  Data  Gb  dsmConfig.o [1]
DSM_OnEnabledAlarmsChanged
                        0x00004b45   0x5c  Code  Gb  dsm.o [1]
DSM_OnSpecialOutputAdded
                        0x10001570    0x4  Data  Gb  dsmConfig.o [1]
DSM_OnSpecialOutputAssigned
                        0x00004ab1   0x48  Code  Gb  dsm.o [1]
DSM_OnSpecialOutputDeassigned
                        0x00004afd   0x48  Code  Gb  dsm.o [1]
DSM_OnSpecialOutputRemoved
                        0x10001574    0x4  Data  Gb  dsmConfig.o [1]
DSM_OnStateChanged      0x1000156c    0x4  Data  Gb  dsmConfig.o [1]
DSM_ProcessDoorOpenedState
                        0x00005485  0x17a  Code  Gb  dsm.o [1]
DSM_ProcessIntrusion    0x000051ed   0xe4  Code  Gb  dsm.o [1]
DSM_ProcessIntrusionState
                        0x0000562b   0x72  Code  Gb  dsm.o [1]
DSM_ProcessLockedState  0x000052d1   0xbc  Code  Gb  dsm.o [1]
DSM_ProcessLockingState
                        0x000055ff   0x2c  Code  Gb  dsm.o [1]
DSM_ProcessUnlockedState
                        0x000053f5   0x86  Code  Gb  dsm.o [1]
DSM_ProcessUnlockingState
                        0x0000538d   0x68  Code  Gb  dsm.o [1]
DSM_RemapBsiStates      0x000081a9   0x16  Code  Gb  dsmConfig.o [1]
DSM_RemapDiStates       0x000081ed   0x10  Code  Gb  dsmConfig.o [1]
DSM_ReportActivatorStatuses
                        0x00004a17   0x48  Code  Gb  dsm.o [1]
DSM_SendCRRawCmd        0x00004461   0x26  Code  Gb  dsm.o [1]
DSM_SendImplicitCRCommand
                        0x000041e5   0x78  Code  Gb  dsm.o [1]
DSM_SetBsiLevels        0x0000816d   0x10  Code  Gb  dsmConfig.o [1]
DSM_SetBsiParameters    0x0000817d   0x2c  Code  Gb  dsmConfig.o [1]
DSM_SetBypassAlarm      0x00007fcd   0x60  Code  Gb  dsmConfig.o [1]
DSM_SetDiParameters     0x000081bf   0x28  Code  Gb  dsmConfig.o [1]
DSM_SetElectricStrike   0x00007f05   0xc8  Code  Gb  dsmConfig.o [1]
DSM_SetImplicitCRCode   0x000046cd  0x184  Code  Gb  dsm.o [1]
DSM_SetLocks            0x00004f2b   0x44  Code  Gb  dsm.o [1]
DSM_SetPushButton       0x00007d79   0x7a  Code  Gb  dsmConfig.o [1]
DSM_SetSensor           0x00007e3f   0x7c  Code  Gb  dsmConfig.o [1]
DSM_SetSpecialOutput    0x000080b5   0x5c  Code  Gb  dsmConfig.o [1]
DSM_SetTimming          0x0000809f   0x16  Code  Gb  dsmConfig.o [1]
DSM_ShouldBeLockedByCrSettings
                        0x00004571   0x20  Code  Gb  dsm.o [1]
DSM_SignalAccessGranted
                        0x00004991   0x86  Code  Gb  dsm.o [1]
DSM_Start               0x00004bc9  0x178  Code  Gb  dsm.o [1]
DSM_Stop                0x00004da9   0x76  Code  Gb  dsm.o [1]
DSM_SuppressCR          0x00004487   0x44  Code  Gb  dsm.o [1]
DSM_Task                0x0000569d   0x4a  Code  Gb  dsm.o [1]
DSM_UnbindOutputToInput
                        0x0000820d   0x10  Code  Gb  dsmConfig.o [1]
DSM_UnsetActuator       0x0000802d   0x26  Code  Gb  dsmConfig.o [1]
DSM_UnsetAll            0x00007d01   0x78  Code  Gb  dsmConfig.o [1]
DSM_UnsetInput          0x0000814b   0x22  Code  Gb  dsmConfig.o [1]
DSM_UnsetPushButton     0x00007df3   0x32  Code  Gb  dsmConfig.o [1]
DSM_UnsetSensor         0x00007ebb   0x32  Code  Gb  dsmConfig.o [1]
DSM_UnsetSpecialOutput  0x00008111   0x3a  Code  Gb  dsmConfig.o [1]
DebugMon_Handler        0x0000e479    0x4  Code  Gb  exceptionHandling.o [1]
DelayedPollingTask      0x0000caa3   0x1c  Code  Lc  LonControl.o [1]
Delete                  0x00007c15   0x12  Code  Gb  dmHandler.o [1]
DisableInterrupts       0x0000a4ad   0x20  Code  Gb  LdvSci.o [1]
DisableReceiveInterrupt
                        0x000099ab   0x12  Code  Lc  uart.o [1]
EnableInterrupts        0x0000a48d   0x20  Code  Gb  LdvSci.o [1]
EnableReceiveInterrupt  0x00009999   0x12  Code  Lc  uart.o [1]
FLASH_IRQHandler        0x00008413         Code  Wk  cstartup_M.o [1]
FindLevelFromValue      0x00005d71   0x68  Code  Gb  Inputs.o [1]
FireNodeAddressConflicted
                        0x0000d01b   0x22  Code  Gb  clspGeneric.o [1]
FireNodeAssignmentChanged
                        0x0000d041   0x26  Code  Gb  clspGeneric.o [1]
FireOnFrameReceived     0x0000d06d   0x32  Code  Gb  clspGeneric.o [1]
FromBcdByte             0x000098c9   0x1a  Code  Gb  CrProtocol.o [1]
GPIO_GetValue           0x000091f7   0x3c  Code  Gb  gpio.o [1]
GPIO_Init               0x0000913f   0x2c  Code  Gb  gpio.o [1]
GPIO_IntClear           0x00009341   0x2a  Code  Gb  gpio.o [1]
GPIO_IntDisable         0x000092e5   0x26  Code  Gb  gpio.o [1]
GPIO_IntEnable          0x000092bf   0x26  Code  Gb  gpio.o [1]
GPIO_IntStatus          0x0000930b   0x36  Code  Gb  gpio.o [1]
GPIO_SetDir             0x0000916b   0x5e  Code  Gb  gpio.o [1]
GPIO_SetInterrupt       0x00009233   0x8c  Code  Gb  gpio.o [1]
GPIO_SetValue           0x000091c9   0x2e  Code  Gb  gpio.o [1]
GetExtBoardType         0x00008b25    0x6  Code  Gb  IOExpansion.o [1]
GetFilterValue          0x00005dd9   0x68  Code  Gb  Inputs.o [1]
HEAP$$Base              0x10001b88          --   Gb  - Linker created -
HEAP$$Limit             0x10001f28          --   Gb  - Linker created -
HardFault_Handler       0x0000e45d    0xa  Code  Gb  exceptionHandling.o [1]
I2C_ClearFlag           0x0000a421    0x6  Code  Gb  i2c.o [1]
I2C_DeInit              0x0000a351   0x12  Code  Gb  i2c.o [1]
I2C_GetByte             0x0000a40d    0x6  Code  Gb  i2c.o [1]
I2C_GetI2CStatus        0x0000a413    0x6  Code  Gb  i2c.o [1]
I2C_IRQHandler          0x00008da9  0x16c  Code  Gb  IOExpansion.o [1]
I2C_Init                0x0000a37f   0x88  Code  Gb  i2c.o [1]
I2C_SendByte            0x0000a407    0x6  Code  Gb  i2c.o [1]
I2C_SetClock            0x0000a363   0x1c  Code  Gb  i2c.o [1]
I2C_SetFlag             0x0000a419    0x8  Code  Gb  i2c.o [1]
IAP_CopyRAMToFlash      0x0000a27b   0x2c  Code  Gb  iap.o [1]
IAP_PrepareSector       0x0000a255   0x26  Code  Gb  iap.o [1]
IAP_ReadSerialNumber    0x0000a2a7   0x80  Code  Gb  iap.o [1]
IOExp_ReadFuse          0x00008cb5   0x2a  Code  Gb  IOExpansion.o [1]
IOExp_ReadPower         0x00008cdf   0x2a  Code  Gb  IOExpansion.o [1]
IOExp_SetLed            0x00008bd9   0x16  Code  Gb  IOExpansion.o [1]
IOExp_SetLedState       0x00008bef   0x72  Code  Gb  IOExpansion.o [1]
IOExp_SetOutput         0x00008c61   0x54  Code  Gb  IOExpansion.o [1]
InitHigherOutputs       0x00008ae9   0x38  Code  Gb  IOExpansion.o [1]
InitIOExpansion         0x00008d55   0x4e  Code  Gb  IOExpansion.o [1]
InitLowInputLEDs        0x00008a69   0x38  Code  Gb  IOExpansion.o [1]
InitLowerOutputs        0x00008aad   0x38  Code  Gb  IOExpansion.o [1]
InputLeds_DisableAutoNotification
                        0x00008fbb   0x2c  Code  Gb  InputLeds.o [1]
InputLeds_EnableAutoNotification
                        0x00008fe7   0x2a  Code  Gb  InputLeds.o [1]
InputLeds_Init          0x000090c9   0x60  Code  Gb  InputLeds.o [1]
InputLeds_InternalSetLed
                        0x00008f21   0x3a  Code  Gb  InputLeds.o [1]
InputLeds_SetState      0x00008f5b   0x60  Code  Gb  InputLeds.o [1]
InputLeds_Task          0x0000905f   0x6a  Code  Gb  InputLeds.o [1]
InputsLeds_UpdateLEDs   0x00009011   0x4e  Code  Gb  InputLeds.o [1]
Inputs_ActivateOutputs  0x00005e9d   0x5e  Code  Gb  Inputs.o [1]
Inputs_BindOnDIPChanged
                        0x000056fd    0x6  Code  Gb  Inputs.o [1]
Inputs_BindOnInputChanged
                        0x000056f1    0x6  Code  Gb  Inputs.o [1]
Inputs_BindOnSpecialInputChanged
                        0x000056f7    0x6  Code  Gb  Inputs.o [1]
Inputs_BindOutputToInput
                        0x00005ac5   0x72  Code  Gb  Inputs.o [1]
Inputs_FireAllStatuses  0x000057a3   0x6e  Code  Gb  Inputs.o [1]
Inputs_FireInputChange  0x00005703   0x30  Code  Gb  Inputs.o [1]
Inputs_Init             0x00005bf5  0x17c  Code  Gb  Inputs.o [1]
Inputs_OnDIPChanged     0x100012d8    0x4  Data  Gb  Inputs.o [1]
Inputs_OnInputChanged   0x10001504    0x4  Data  Gb  Inputs.o [1]
Inputs_OnSpecialInputChanged
                        0x100012d4    0x4  Data  Gb  Inputs.o [1]
Inputs_RemapBsiStates   0x00005979   0x6e  Code  Gb  Inputs.o [1]
Inputs_RemapDiStates    0x00005a5f   0x62  Code  Gb  Inputs.o [1]
Inputs_ResetInput       0x00005bc5   0x2c  Code  Gb  Inputs.o [1]
Inputs_SetBsiLevels     0x0000589f   0x3e  Code  Gb  Inputs.o [1]
Inputs_SetBsiParameters
                        0x000058dd   0x8c  Code  Gb  Inputs.o [1]
Inputs_SetDefaultBSI    0x00005811   0x36  Code  Gb  Inputs.o [1]
Inputs_SetDefaultDI     0x00005847   0x20  Code  Gb  Inputs.o [1]
Inputs_SetDiParameters  0x000059e7   0x78  Code  Gb  Inputs.o [1]
Inputs_SetReportedInputs
                        0x00005733   0x34  Code  Gb  Inputs.o [1]
Inputs_SetReportedInputsEx
                        0x00005767    0xe  Code  Gb  Inputs.o [1]
Inputs_Task             0x00005f6d  0x2e2  Code  Gb  Inputs.o [1]
Inputs_UnbindAll        0x00005b99   0x2c  Code  Gb  Inputs.o [1]
Inputs_UnbindOutputToInput
                        0x00005b37   0x5e  Code  Gb  Inputs.o [1]
Inputs_UnsetInput       0x00005867   0x38  Code  Gb  Inputs.o [1]
Inputs_UnsetReportedInputs
                        0x00005775   0x2e  Code  Gb  Inputs.o [1]
LdvAllocateMsg          0x0000a805   0x62  Code  Gb  LdvSci.o [1]
LdvFlushMsgs            0x0000a905   0x84  Code  Gb  LdvSci.o [1]
LdvGetMsg               0x0000a753   0x56  Code  Gb  LdvSci.o [1]
LdvInit                 0x0000a635   0xe4  Code  Gb  LdvSci.o [1]
LdvPutMsg               0x0000a867   0x32  Code  Gb  LdvSci.o [1]
LdvPutMsgBlocking       0x0000a8a1   0x60  Code  Gb  LdvSci.o [1]
LdvReleaseMsg           0x0000a7b5   0x44  Code  Gb  LdvSci.o [1]
LdvReset                0x0000a719   0x3a  Code  Gb  LdvSci.o [1]
LonCtrl_Init            0x0000c70d   0x9a  Code  Gb  LonControl.o [1]
LonCtrl_SendTask        0x0000c9a9   0xce  Code  Gb  LonControl.o [1]
LonCtrl_Task            0x0000c7a9  0x15c  Code  Gb  LonControl.o [1]
LonDriverReset          0x0000a4d5    0x8  Code  Gb  LdvSci.o [1]
LonDriverWokeUp         0x0000a4cd    0x8  Code  Gb  LdvSci.o [1]
LonEventHandler         0x0000d2cd  0x3fc  Code  Gb  ShortStackApi.o [1]
LonGetAppInitData       0x0000dbd5    0x4  Code  Gb  ShortStackDev.o [1]
LonGetCurrentNvSize     0x0000dedf    0xa  Code  Gb  ShortStackHandlers.o [1]
LonGetMtTable           0x0000dbdd    0x4  Code  Gb  ShortStackDev.o [1]
LonGetNvTable           0x0000dbd9    0x4  Code  Gb  ShortStackDev.o [1]
LonGetSiData            0x0000dbc9    0xc  Code  Gb  ShortStackDev.o [1]
LonGetUniqueId          0x0000d793   0x1e  Code  Gb  ShortStackApi.o [1]
LonGoConfigured         0x0000d951   0x18  Code  Gb  ShortStackApi.o [1]
LonGoConfiguredReceived
                        0x0000df0f    0x8  Code  Gb  ShortStackHandlers.o [1]
LonInit                 0x0000d1fd   0xca  Code  Gb  ShortStackApi.o [1]
LonMsgArrived           0x0000dee9   0x1e  Code  Gb  ShortStackHandlers.o [1]
LonMsgCompleted         0x0000df07    0x8  Code  Gb  ShortStackHandlers.o [1]
LonResetOccurred        0x0000ded7    0x8  Code  Gb  ShortStackHandlers.o [1]
LonSendMsg              0x0000d7b5  0x104  Code  Gb  ShortStackApi.o [1]
LonSendResponse         0x0000d6cd   0xc6  Code  Gb  ShortStackApi.o [1]
LonUpdateDomainConfig   0x0000d8b9   0x94  Code  Gb  ShortStackApi.o [1]
MemManage_Handler       0x0000e469    0x4  Code  Gb  exceptionHandling.o [1]
NMI_Handler             0x00008413         Code  Wk  cstartup_M.o [1]
NVIC_DisableIRQ         0x0000a47f    0xe  Code  Lc  LdvSci.o [1]
NVIC_DisableIRQ         0x0000a343    0xe  Code  Lc  i2c.o [1]
NVIC_DisableIRQ         0x0000868d    0xe  Code  Lc  systemInfo.o [1]
NVIC_DisableIRQ         0x00009943    0xe  Code  Lc  uart.o [1]
NVIC_EnableIRQ          0x0000a471    0xe  Code  Lc  LdvSci.o [1]
NVIC_EnableIRQ          0x0000944d    0xe  Code  Lc  adc.o [1]
NVIC_EnableIRQ          0x00009131    0xe  Code  Lc  gpio.o [1]
NVIC_EnableIRQ          0x0000a335    0xe  Code  Lc  i2c.o [1]
NVIC_EnableIRQ          0x0000cc49    0xe  Code  Lc  timer32.o [1]
NVIC_EnableIRQ          0x00009935    0xe  Code  Lc  uart.o [1]
NVIC_SetPriority        0x00008415   0x48  Code  Lc  sysTick.o [1]
NVIC_SetPriority        0x0000cc57   0x48  Code  Lc  timer32.o [1]
NVIC_SetPriority        0x00009951   0x48  Code  Lc  uart.o [1]
NVIC_SystemReset        0x0000e449    0xc  Code  Lc  exceptionHandling.o [1]
NVIC_SystemReset        0x0000869b    0xc  Code  Lc  systemInfo.o [1]
New                     0x00007c0b    0xa  Code  Gb  dmHandler.o [1]
OnLonDriverReset        0x0000c989    0xa  Code  Gb  LonControl.o [1]
OnLonDriverWokeUp       0x0000c973   0x16  Code  Gb  LonControl.o [1]
OnLonGoConfiguredReceived
                        0x0000c905   0x16  Code  Gb  LonControl.o [1]
OnLonMsgArrived         0x0000cac9  0x144  Code  Gb  LonControl.o [1]
OnLonMsgCompleted       0x0000ca81   0x22  Code  Gb  LonControl.o [1]
OnResetAsserted         0x0000c91b    0x8  Code  Gb  LonControl.o [1]
OnResetOccurred         0x0000c923   0x50  Code  Gb  LonControl.o [1]
OnRxData                0x0000ab6d   0xfe  Code  Gb  LdvSci.o [1]
OnTxReady               0x0000a991  0x180  Code  Gb  LdvSci.o [1]
OneMsTimerHandler       0x0000accd  0x13e  Code  Gb  LdvSci.o [1]
Outputs_ActivateOutput  0x00006661   0x76  Code  Gb  Outputs.o [1]
Outputs_BindOnOutputChanged
                        0x0000625d    0x6  Code  Gb  Outputs.o [1]
Outputs_BindOnOutputLogicStateChanged
                        0x00006263    0x6  Code  Gb  Outputs.o [1]
Outputs_ConfigFrequency
                        0x00006571   0x62  Code  Gb  Outputs.o [1]
Outputs_ConfigLevel     0x0000651d   0x4a  Code  Gb  Outputs.o [1]
Outputs_ConfigPulse     0x000065d3   0x5e  Code  Gb  Outputs.o [1]
Outputs_EnsureMinDelayToOn
                        0x00006631   0x2c  Code  Gb  Outputs.o [1]
Outputs_FireOutputChanged
                        0x00006269   0x18  Code  Gb  Outputs.o [1]
Outputs_FireOutputLogicChanged
                        0x00006281   0x18  Code  Gb  Outputs.o [1]
Outputs_Init            0x0000644f   0x74  Code  Gb  Outputs.o [1]
Outputs_IsActivated     0x000066d7   0x14  Code  Gb  Outputs.o [1]
Outputs_OnOutputChanged
                        0x10001514    0x4  Data  Gb  Outputs.o [1]
Outputs_OnOutputLogicStateChanged
                        0x1000151c    0x4  Data  Gb  Outputs.o [1]
Outputs_ProcessState    0x000066f5   0xae  Code  Gb  Outputs.o [1]
Outputs_ReportCurrentLogicState
                        0x00006299   0x1a  Code  Gb  Outputs.o [1]
Outputs_SetBlockedOutputsEx
                        0x00006419   0x36  Code  Gb  Outputs.o [1]
Outputs_SetOutput       0x000063c1   0x58  Code  Gb  Outputs.o [1]
Outputs_SetReportedOutputs
                        0x000062b3   0x4e  Code  Gb  Outputs.o [1]
Outputs_SetReportedOutputsEx
                        0x00006301    0xe  Code  Gb  Outputs.o [1]
Outputs_SetReportedOutputsLogic
                        0x0000633d   0x48  Code  Gb  Outputs.o [1]
Outputs_SetReportedOutputsLogicEx
                        0x00006385    0xe  Code  Gb  Outputs.o [1]
Outputs_Task            0x000067a9  0x1e0  Code  Gb  Outputs.o [1]
Outputs_TurnAllOff      0x000064fd   0x20  Code  Gb  Outputs.o [1]
Outputs_TurnOff         0x000064c3   0x30  Code  Gb  Outputs.o [1]
Outputs_UnsetReportedOutputs
                        0x0000630f   0x2e  Code  Gb  Outputs.o [1]
Outputs_UnsetReportedOutputsLogic
                        0x00006393   0x2e  Code  Gb  Outputs.o [1]
PIO0_IRQHandler         0x000093b1   0x34  Code  Gb  gpio.o [1]
PIO1_IRQHandler         0x00008413         Code  Wk  cstartup_M.o [1]
PIO2_IRQHandler         0x00008413         Code  Wk  cstartup_M.o [1]
PMU_IRQHandler          0x00008413         Code  Wk  cstartup_M.o [1]
PendSV_Handler          0x0000e47d    0x4  Code  Gb  exceptionHandling.o [1]
ProcessI2CData          0x00008a41   0x26  Code  Gb  IOExpansion.o [1]
RTC_IRQHandler          0x00008413         Code  Wk  cstartup_M.o [1]
Region$$Table$$Base     0x0000e4d4          --   Gb  - Linker created -
Region$$Table$$Limit    0x0000e4f8          --   Gb  - Linker created -
ResetInterruptHandler   0x0000a4dd   0x24  Code  Gb  LdvSci.o [1]
ResetMicroServer        0x0000a501   0x3c  Code  Gb  LdvSci.o [1]
ResolveExtensionBoardType
                        0x00008b2b   0xae  Code  Gb  IOExpansion.o [1]
ResponseData            0x10001350   0x34  Data  Gb  ShortStackApi.o [1]
ResumeSci               0x0000a595   0x40  Code  Gb  LdvSci.o [1]
SSP0_IRQHandler         0x00008413         Code  Wk  cstartup_M.o [1]
SVC_Handler             0x0000e475    0x4  Code  Gb  exceptionHandling.o [1]
SendLocal               0x0000de6f   0x42  Code  Gb  ShortStackInternal.o [1]
SendNvPollResponse      0x0000dda7   0xc8  Code  Gb  ShortStackInternal.o [1]
SleepMs                 0x0000cc25   0x1c  Code  Gb  Processor.o [1]
StartApplication        0x0000a451         Code  Gb  StartApplication.o [1]
StartBootloader         0x0000a45d         Code  Gb  StartApplication.o [1]
SuspendSci              0x0000a53d   0x58  Code  Gb  LdvSci.o [1]
SysInfo_DelayTask       0x000089a5   0x1c  Code  Gb  systemInfo.o [1]
SysInfo_DelayingTask    0x000088dd   0x22  Code  Gb  systemInfo.o [1]
SysInfo_DisableAllInterrupts
                        0x00008925   0x74  Code  Gb  systemInfo.o [1]
SysInfo_GetBootloaderVersion
                        0x000089c5   0x42  Code  Gb  systemInfo.o [1]
SysInfo_GetCRPLevel     0x00008711   0x34  Code  Gb  systemInfo.o [1]
SysInfo_GetInputCount   0x00008745    0x6  Code  Gb  systemInfo.o [1]
SysInfo_GetOutputCount  0x0000874b    0x6  Code  Gb  systemInfo.o [1]
SysInfo_Init            0x000086a7    0x8  Code  Gb  systemInfo.o [1]
SysInfo_InitLEDs        0x00008751   0x2e  Code  Gb  systemInfo.o [1]
SysInfo_ResetToBootloaderDelayed
                        0x00008999    0xc  Code  Gb  systemInfo.o [1]
SysInfo_RestartDCUDelayed
                        0x0000891d    0x8  Code  Gb  systemInfo.o [1]
SysInfo_SetCRPLevel     0x000086c7   0x4a  Code  Gb  systemInfo.o [1]
SysInfo_SetInputCount   0x000086af    0xc  Code  Gb  systemInfo.o [1]
SysInfo_SetOutputCount  0x000086bb    0xc  Code  Gb  systemInfo.o [1]
SysInfo_SignalAddressConflict
                        0x00008827   0x4a  Code  Gb  systemInfo.o [1]
SysInfo_SignalAddressConflictTask
                        0x000087d7   0x50  Code  Gb  systemInfo.o [1]
SysInfo_SignalConnectionDown
                        0x00008871   0x4e  Code  Gb  systemInfo.o [1]
SysInfo_SignalConnectionDownTask
                        0x0000877f   0x3e  Code  Gb  systemInfo.o [1]
SysInfo_StopSignalling  0x000088bf   0x1e  Code  Gb  systemInfo.o [1]
SysInfo_SwitchAll       0x000087bd   0x1a  Code  Gb  systemInfo.o [1]
SysTick_Config          0x0000845d   0x2e  Code  Lc  sysTick.o [1]
SysTick_GetElapsedTime  0x000084f3   0x1e  Code  Gb  sysTick.o [1]
SysTick_GetHour         0x00008511   0x10  Code  Gb  sysTick.o [1]
SysTick_GetMinute       0x00008521   0x18  Code  Gb  sysTick.o [1]
SysTick_GetSecond       0x00008539   0x10  Code  Gb  sysTick.o [1]
SysTick_GetTickCount    0x000084ed    0x6  Code  Gb  sysTick.o [1]
SysTick_Handler         0x0000848b   0x44  Code  Gb  sysTick.o [1]
SysTick_InitMainTimer   0x000084cf   0x1e  Code  Gb  sysTick.o [1]
SysTick_SetTime         0x00008549   0x30  Code  Gb  sysTick.o [1]
SystemInit              0x0000d151   0x6e  Code  Gb  system_LPC122x.o [1]
SystemPLL_Setup         0x0000d0f5   0x5c  Code  Gb  system_LPC122x.o [1]
System_RequestUpgrade   0x0000d1bf    0x8  Code  Gb  system_LPC122x.o [1]
Tasks_IncrementCounter  0x0000862b   0x22  Code  Gb  Tasks.o [1]
Tasks_Register          0x00008595   0x62  Code  Gb  Tasks.o [1]
Tasks_Run               0x0000864d   0x36  Code  Gb  Tasks.o [1]
Tasks_Unregister        0x000085f7   0x34  Code  Gb  Tasks.o [1]
Test_CardGeneratorTask  0x0000b0d9  0x10e  Code  Gb  testing.o [1]
Test_CheckInputsStatus  0x0000af4f   0x60  Code  Gb  testing.o [1]
Test_FireIOTestOk       0x0000ae65   0x1a  Code  Gb  testing.o [1]
Test_FireIOTestProgressNotifier
                        0x0000ae29   0x1e  Code  Gb  testing.o [1]
Test_FireIOTestTimeout  0x0000ae47   0x1e  Code  Gb  testing.o [1]
Test_GetRandomValue     0x0000b099   0x3c  Code  Gb  testing.o [1]
Test_InitRandomGenerator
                        0x0000b075   0x24  Code  Gb  testing.o [1]
Test_InputsTestTask     0x0000afaf   0xc6  Code  Gb  testing.o [1]
Test_StartIOTest        0x0000ae7f   0xd0  Code  Gb  testing.o [1]
Test_ToggleADCGenerator
                        0x0000b239   0x46  Code  Gb  testing.o [1]
Test_ToggleCardGenerator
                        0x0000b1f5   0x40  Code  Gb  testing.o [1]
Timer32_Enable          0x0000ccf9   0x12  Code  Gb  timer32.o [1]
Timer32_Init            0x0000cd0b   0x56  Code  Gb  timer32.o [1]
ToBcdByte               0x000098a1   0x28  Code  Gb  CrProtocol.o [1]
UART0_IRQHandler        0x0000ac71   0x50  Code  Gb  LdvSci.o [1]
UART1_IRQHandler        0x000099cf   0x92  Code  Gb  uart.o [1]
UART_CalculateFDRValues
                        0x00009c91   0xdc  Code  Gb  uart.o [1]
UART_ClearInterrupts    0x00009e09   0x10  Code  Gb  uart.o [1]
UART_FlushData          0x00009add   0xdc  Code  Gb  uart.o [1]
UART_GetBaudRate        0x000099bd   0x12  Code  Gb  uart.o [1]
UART_Init               0x00009e19  0x140  Code  Gb  uart.o [1]
UART_Receive            0x00009bd5   0xae  Code  Gb  uart.o [1]
UART_Send               0x00009a61   0x7c  Code  Gb  uart.o [1]
UsageFault_Handler      0x0000e471    0x4  Code  Gb  exceptionHandling.o [1]
VerifyNv                0x0000dd7d   0x2a  Code  Gb  ShortStackInternal.o [1]
WAKE_UP0_IRQHandler     0x00008413         Code  Wk  cstartup_M.o [1]
WAKE_UP10_IRQHandler    0x00008413         Code  Wk  cstartup_M.o [1]
WAKE_UP11_IRQHandler    0x00008413         Code  Wk  cstartup_M.o [1]
WAKE_UP1_IRQHandler     0x00008413         Code  Wk  cstartup_M.o [1]
WAKE_UP2_IRQHandler     0x00008413         Code  Wk  cstartup_M.o [1]
WAKE_UP3_IRQHandler     0x00008413         Code  Wk  cstartup_M.o [1]
WAKE_UP4_IRQHandler     0x00008413         Code  Wk  cstartup_M.o [1]
WAKE_UP5_IRQHandler     0x00008413         Code  Wk  cstartup_M.o [1]
WAKE_UP6_IRQHandler     0x00008413         Code  Wk  cstartup_M.o [1]
WAKE_UP7_IRQHandler     0x00008413         Code  Wk  cstartup_M.o [1]
WAKE_UP8_IRQHandler     0x00008413         Code  Wk  cstartup_M.o [1]
WAKE_UP9_IRQHandler     0x00008413         Code  Wk  cstartup_M.o [1]
WDT_IRQHandler          0x00008413         Code  Wk  cstartup_M.o [1]
WD_Kick                 0x0000a201   0x20  Code  Gb  watchdog.o [1]
WD_MainThread           0x0000a1bd   0x38  Code  Gb  watchdog.o [1]
WD_Start                0x0000a1f5    0xc  Code  Gb  watchdog.o [1]
WriteNvLocal            0x0000deb1   0x26  Code  Gb  ShortStackInternal.o [1]
_ADCValue               0x10001138   0x40  Data  Gb  adc.o [1]
_I2C_InitStructure      0x10001490   0x10  Data  Lc  IOExpansion.o [1]
_I2C_MasterBuffer       0x1000131c    0xc  Data  Gb  IOExpansion.o [1]
_I2C_MasterState        0x1000132a    0x1  Data  Gb  IOExpansion.o [1]
_I2C_SlaveBuffer        0x10001334    0xc  Data  Gb  IOExpansion.o [1]
_RdIndex                0x10001348    0x4  Data  Gb  IOExpansion.o [1]
_ReadLength             0x10001340    0x4  Data  Gb  IOExpansion.o [1]
_UART0_RxBuffer         0x100009c8  0x100  Data  Gb  uart.o [1]
_UART0_RxCount          0x100009ac    0x4  Data  Gb  uart.o [1]
_UART0_Timestamp        0x100009b4    0x4  Data  Gb  uart.o [1]
_UART0_TxBuffer         0x10000be8  0x100  Data  Gb  uart.o [1]
_UART0_TxCount          0x100009b0    0x4  Data  Gb  uart.o [1]
_UART1_RxBuffer         0x10000ce8  0x100  Data  Gb  uart.o [1]
_UART1_RxCount          0x100009bc    0x4  Data  Gb  uart.o [1]
_UART1_Status           0x100009b8    0x4  Data  Gb  uart.o [1]
_UART1_Timestamp        0x100009c4    0x4  Data  Gb  uart.o [1]
_UART1_TxBuffer         0x10000de8  0x100  Data  Gb  uart.o [1]
_UART1_TxCount          0x100009c0    0x4  Data  Gb  uart.o [1]
_WrIndex                0x1000134c    0x4  Data  Gb  IOExpansion.o [1]
_WriteLength            0x10001344    0x4  Data  Gb  IOExpansion.o [1]
__aeabi_cfcmple         0x0000b585         Code  Gb  FltCmpLe.o [4]
__aeabi_cfrcmple        0x0000b745         Code  Gb  FltCmpGe.o [4]
__aeabi_d2f             0x0000b523         Code  Gb  DblToFlt.o [4]
__aeabi_dadd            0x0000b37b         Code  Gb  DblAddSub.o [4]
__aeabi_f2d             0x0000b349         Code  Gb  FltToDbl.o [4]
__aeabi_f2iz            0x0000b709         Code  Gb  FltToS32.o [4]
__aeabi_f2uiz           0x0000b2c5         Code  Gb  FltToU32.o [4]
__aeabi_fadd            0x0000b76d         Code  Gb  FltAddSub.o [4]
__aeabi_fdiv            0x0000b65f         Code  Gb  FltDiv.o [4]
__aeabi_fmul            0x0000b5ab         Code  Gb  FltMul.o [4]
__aeabi_fsub            0x0000b7dd         Code  Gb  FltAddSub.o [4]
__aeabi_idiv            0x0000a0a9         Code  Gb  I32DivMod.o [5]
__aeabi_idivmod         0x0000a0a9         Code  Gb  I32DivMod.o [5]
__aeabi_memcpy          0x0000b2ed         Code  Gb  ABImemcpy.o [5]
__aeabi_memcpy4         0x0000b315         Code  Gb  ABImemcpy.o [5]
__aeabi_memcpy8         0x0000b315         Code  Gb  ABImemcpy.o [5]
__aeabi_ui2f            0x0000b2a5         Code  Gb  I32ToFlt.o [4]
__aeabi_uidiv           0x0000a0d1         Code  Gb  I32DivMod.o [5]
__aeabi_uidivmod        0x0000a0d1         Code  Gb  I32DivMod.o [5]
__cexit_clearlocks      0x0000e51b         Code  Gb  cexit.o [5]
__cmain                 0x0000e4f9         Code  Gb  cmain.o [5]
__cstart_clearlocks     0x0000e54c         Data  Gb  cstart_clearlocks.o [5]
__data_Aldata           0x10001538    0x8  Data  Gb  xxmemxmalloc.o [3]
__data_GetMemChunk      0x0000d0cd   0x28  Code  Gb  xgetmemchunk.o [3]
__data_memzero          0x0000b94d   0x12  Code  Gb  xxmemxmemzero.o [3]
__exit                  0x0000e529   0x14  Code  Gb  exit.o [6]
__iar_Locksyslock       0x0000b993   0x46  Code  Gb  xsyslock.o [3]
__iar_SB                0x0000e54c         Data  Gb  bwt_init3c.o [5]
__iar_Unlocksyslock     0x0000b9d9   0x16  Code  Gb  xsyslock.o [3]
__iar_clearlocks        0x0000b961   0x32  Code  Gb  xsyslock.o [3]
__iar_copy_init3        0x00007c27   0x2e  Code  Gb  copy_init3.o [5]
__iar_data_init3        0x0000e481   0x2c  Code  Gb  data_init3.o [5]
__iar_program_start     0x0000e53d         Code  Gb  cstartup_M.o [5]
__iar_ui2f              0x0000b2a9         Code  Gb  I32ToFlt.o [4]
__iar_zero_init3        0x0000e4ad   0x28  Code  Gb  zero_init3.o [5]
__vector_table          0x00004008         Data  Gb  cstartup_M.o [1]
__vector_table_0x1c     0x00004024         Data  Gb  cstartup_M.o [1]
_adcContext             0x1000147c    0xc  Data  Gb  adc.o [1]
_adcGenMaxInterval      0x10001180    0x4  Data  Gb  adc.o [1]
_adcGenMinInterval      0x1000117c    0x4  Data  Gb  adc.o [1]
_adcIsGeneratorInit     0x10001178    0x4  Data  Gb  adc.o [1]
_adcRandomContext       0x10001108   0x30  Data  Gb  adc.o [1]
_adcValid               0x1000148c    0x4  Data  Gb  adc.o [1]
_blockedOutputs         0x10001544    0x4  Data  Gb  Outputs.o [1]
_breakTimer             0x10000018    0x8  Data  Gb  InputLeds.o [1]
_call_main              0x0000e505         Code  Gb  cmain.o [5]
_cardCount              0x10001568    0x4  Data  Gb  communication.o [1]
_cardGenContext         0x10001404   0x14  Data  Gb  testing.o [1]
_cardGenContextInit     0x10001418    0x4  Data  Gb  testing.o [1]
_cardReaders            0x10000ee8   0x98  Data  Gb  CrCommunicator.o [1]
_clockSource            0x10000070    0x4  Data  Gb  system_LPC122x.o [1]
_clspFrameForPossibleRetry
                        0x100013ac    0x4  Data  Gb  clspGeneric.o [1]
_clspInConflict         0x10001564    0x4  Data  Gb  clspGeneric.o [1]
_clspIsAssigned         0x100013a8    0x4  Data  Gb  clspGeneric.o [1]
_clspLogicalAddress     0x100013a4    0x4  Data  Gb  clspGeneric.o [1]
_clspSuggestedAddress   0x10001560    0x4  Data  Gb  clspGeneric.o [1]
_clspTxCount            0x100013b0    0x4  Data  Gb  clspGeneric.o [1]
_clspTxLLCount          0x100013b4    0x4  Data  Gb  clspGeneric.o [1]
_clspTxLLQueue          0x10001384   0x20  Data  Gb  clspGeneric.o [1]
_clspTxQueue            0x1000100c   0x80  Data  Gb  clspGeneric.o [1]
_crActualSizes          0x100011f0    0x8  Data  Gb  CrQueue.o [1]
_crCommFlags            0x1000002c    0x4  Data  Gb  CrCommunicator.o [1]
_crOnlineAssigned       0x100013e4    0x4  Data  Gb  dsm.o [1]
_crPollingState         0x10000048    0x4  Data  Gb  CrCommunicator.o [1]
_crRequests             0x100011f8   0x50  Data  Gb  CrQueue.o [1]
_crResponseMessage      0x1000108c   0x64  Data  Gb  CrCommunicator.o [1]
_defaultBSILevels       0x100012bc    0xc  Data  Gb  Inputs.o [1]
_defaultDILevel         0x100012d0    0x4  Data  Gb  Inputs.o [1]
_disableAutoNotification
                        0x10000028    0x4  Data  Gb  InputLeds.o [1]
_domainContext          0x10001420   0x18  Data  Gb  ClspAPI.o [1]
_dsmConfig              0x10000f80   0x8c  Data  Gb  dsmConfig.o [1]
_dsmIsRunning           0x100013dc    0x4  Data  Gb  dsm.o [1]
_dsmMachine             0x100013b8   0x24  Data  Gb  dsm.o [1]
_eventCountryCodeConfirmed
                        0x100014d0    0xc  Data  Gb  CrCommunicator.o [1]
_eventKeyPressed        0x100010f0    0xc  Data  Gb  CrCommunicator.o [1]
_eventOnFrameReceived   0x100014e8    0xc  Data  Gb  clspGeneric.o [1]
_eventOnNodeAddressConflicted
                        0x100014f4    0xc  Data  Gb  clspGeneric.o [1]
_eventOnNodeAssignmentChanged
                        0x100014dc    0xc  Data  Gb  clspGeneric.o [1]
_eventOnlineStateChanged
                        0x100014c4    0xc  Data  Gb  CrCommunicator.o [1]
_eventRawDataReceived   0x100010fc    0xc  Data  Gb  CrCommunicator.o [1]
_eventTamperReturn      0x1000003c    0xc  Data  Gb  CrCommunicator.o [1]
_exit                   0x0000e519         Code  Gb  cexit.o [5]
_extensionBoardType     0x100014a0    0x1  Data  Gb  IOExpansion.o [1]
_filterTable            0x10001298   0x10  Data  Gb  Inputs.o [1]
_iap_command            0x10001300   0x18  Data  Gb  iap.o [1]
_iap_return             0x100012ec   0x14  Data  Gb  iap.o [1]
_infoLed                0x10000000   0x10  Data  Gb  InputLeds.o [1]
_inputChanged           0x100012c8    0x4  Data  Gb  Inputs.o [1]
_inputCount             0x10001528    0x4  Data  Gb  systemInfo.o [1]
_inputStates            0x100012ac   0x10  Data  Gb  Inputs.o [1]
_inputs                 0x10000194  0x3c0  Data  Gb  Inputs.o [1]
_ioTestState            0x100013e8    0x4  Data  Gb  testing.o [1]
_isOverThreshold        0x10001580    0x4  Data  Gb  watchdog.o [1]
_isRandomInitialized    0x10000080    0x4  Data  Gb  testing.o [1]
_lastCRAddress          0x10000038    0x4  Data  Gb  CrCommunicator.o [1]
_lastOutputSeq          0x10000084    0x4  Data  Gb  communication.o [1]
_lastRequestTimeout     0x10000030    0x4  Data  Gb  CrCommunicator.o [1]
_lastRequestTimestamp   0x10000034    0x4  Data  Gb  CrCommunicator.o [1]
_lastSignalToCR         0x10000089    0x1  Data  Gb  dsm.o [1]
_ledInitialized         0x10000058    0x4  Data  Gb  systemInfo.o [1]
_ledStatus              0x1000132c    0x8  Data  Gb  IOExpansion.o [1]
_lonContext             0x10001184   0x6c  Data  Gb  LonControl.o [1]
_lonDriverStatus        0x10001248   0x28  Data  Gb  LdvSci.o [1]
_lonRxBuffer            0x10000854  0x150  Data  Gb  LdvSci.o [1]
_lonTxBuffer            0x10000704  0x150  Data  Gb  LdvSci.o [1]
_main                   0x0000e50b         Code  Gb  cmain.o [5]
_milisecondsPerSecondCounter
                        0x100014ac    0x4  Data  Gb  sysTick.o [1]
_nRxErrors              0x10001540    0x4  Data  Gb  LdvSci.o [1]
_nRxTimeout             0x10001270    0x4  Data  Gb  LdvSci.o [1]
_nTxBufUnavailable      0x10001274    0x4  Data  Gb  LdvSci.o [1]
_nUtilityDownTimer      0x10001288   0x10  Data  Gb  LdvSci.o [1]
_nUtilityUpTimer        0x10001278   0x10  Data  Gb  LdvSci.o [1]
_outputCount            0x1000152c    0x4  Data  Gb  systemInfo.o [1]
_outputId               0x100013f8    0x4  Data  Gb  testing.o [1]
_outputIdFrom           0x100013fc    0x4  Data  Gb  testing.o [1]
_outputIdTo             0x10001400    0x4  Data  Gb  testing.o [1]
_outputStatus           0x10001328    0x2  Data  Gb  IOExpansion.o [1]
_outputsDelay           0x10001530    0x4  Data  Gb  timer32.o [1]
_outputsDescriptor      0x10000554  0x1b0  Data  Gb  Outputs.o [1]
_overflowCount          0x100014a8    0x4  Data  Gb  sysTick.o [1]
_pauseRead              0x100012cc    0x4  Data  Gb  Inputs.o [1]
_progress               0x100013ec    0x4  Data  Gb  testing.o [1]
_randomX                0x1000007c    0x4  Data  Gb  testing.o [1]
_readingPhase           0x10001468    0x4  Data  Gb  CrCommunicator.o [1]
_receivedCheckSumHigh   0x1000146c    0x4  Data  Gb  CrCommunicator.o [1]
_receivedCheckSumLow    0x10001470    0x4  Data  Gb  CrCommunicator.o [1]
_referenceValue         0x10001488    0x4  Data  Gb  adc.o [1]
_remainingDataBytes     0x10001478    0x4  Data  Gb  CrCommunicator.o [1]
_remainingHeaderBytes   0x10001474    0x4  Data  Gb  CrCommunicator.o [1]
_reportedInputs         0x10001500    0x4  Data  Gb  Inputs.o [1]
_reportedOutputs        0x10001510    0x4  Data  Gb  Outputs.o [1]
_reportedOutputsLogic   0x10001518    0x4  Data  Gb  Outputs.o [1]
_resetAssCnt            0x10001508    0x4  Data  Gb  LdvSci.o [1]
_resetDeassCnt          0x1000150c    0x4  Data  Gb  LdvSci.o [1]
_secondOfTheDay         0x100014b0    0x4  Data  Gb  sysTick.o [1]
_shortTimer             0x10000010    0x8  Data  Gb  InputLeds.o [1]
_signalLedID            0x10000050    0x4  Data  Gb  systemInfo.o [1]
_signalStartTime        0x1000004c    0x4  Data  Gb  systemInfo.o [1]
_signalState            0x10000054    0x4  Data  Gb  systemInfo.o [1]
_signallingAddressConflict
                        0x1000005c    0x4  Data  Gb  systemInfo.o [1]
_signallingConnectionDown
                        0x10000060    0x4  Data  Gb  systemInfo.o [1]
_specialInputState      0x100012a8    0x4  Data  Gb  Inputs.o [1]
_specialInputs          0x1000008c  0x108  Data  Gb  Inputs.o [1]
_sysTickCount           0x100014a4    0x4  Data  Gb  sysTick.o [1]
_systemAHBFrequency     0x10000078    0x4  Data  Gb  system_LPC122x.o [1]
_systemFrequency        0x10000074    0x4  Data  Gb  system_LPC122x.o [1]
_tamperReturnAssigned   0x100013e0    0x4  Data  Gb  dsm.o [1]
_taskCount              0x1000155c    0x4  Data  Gb  Tasks.o [1]
_taskDelay              0x10000068    0x4  Data  Gb  systemInfo.o [1]
_taskDelayStarted       0x10000064    0x4  Data  Gb  systemInfo.o [1]
_taskList               0x10000ac8  0x120  Data  Gb  Tasks.o [1]
_taskToDelay            0x1000006c    0x4  Data  Gb  systemInfo.o [1]
_testADCGenEnabled      0x1000157c    0x4  Data  Gb  testing.o [1]
_testCardGenEnabled     0x1000141c    0x4  Data  Gb  testing.o [1]
_testCase               0x100013f0    0x4  Data  Gb  testing.o [1]
_timeout                0x100013f4    0x4  Data  Gb  testing.o [1]
_timer16_0_capture      0x100014bc    0x4  Data  Gb  timer16.o [1]
_timer16_0_counter      0x100014b4    0x4  Data  Gb  timer16.o [1]
_timer16_1_capture      0x100014c0    0x4  Data  Gb  timer16.o [1]
_timer16_1_counter      0x100014b8    0x4  Data  Gb  timer16.o [1]
_uartActualBaudrate     0x100009a4    0x8  Data  Gb  uart.o [1]
_uidArray               0x100012dc   0x10  Data  Gb  iap.o [1]
_uidRead                0x10001318    0x4  Data  Gb  iap.o [1]
_unknownTimer           0x10000020    0x8  Data  Gb  InputLeds.o [1]
_wdDelay                0x10001534    0x4  Data  Gb  timer32.o [1]
appInitData             0x0000dcf8   0x28  Data  Lc  ShortStackDev.o [1]
calloc                  0x0000a0ff   0x32  Code  Gb  xxmemxcalloc.o [3]
exit                    0x0000e50f    0x8  Code  Gb  exit.o [3]
free                    0x0000a131   0x86  Code  Gb  xxmemxfree.o [3]
iap_entry               0x0000a24d    0x8  Code  Gb  iap.o [1]
itoaCustom              0x0000838f   0x84  Code  Gb  baseTypes.o [1]
lastResetNotification   0x10001450   0x14  Data  Lc  ShortStackApi.o [1]
main                    0x0000e385   0x64  Code  Gb  main.o [1]
malloc                  0x0000b88d   0xbc  Code  Gb  xxmemxmalloc.o [3]
memcpy                  0x00008333   0x12  Code  Gb  baseTypes.o [1]
memset                  0x00008345    0xe  Code  Gb  baseTypes.o [1]
mtTable                 0x0000dd78    0x4  Data  Lc  ShortStackDev.o [1]
mtx                     0x1000143c   0x14  Data  Lc  xsyslock.o [3]
nciNetConfig            0x10000088    0x1  Data  Gb  ShortStackDev.o [1]
nvTable                 0x0000dd20   0x58  Data  Lc  ShortStackDev.o [1]
nviLight                0x1000154c    0x4  Data  Gb  ShortStackDev.o [1]
nviRequest              0x10001548    0x4  Data  Gb  ShortStackDev.o [1]
nviSwitchFb             0x10001558    0x4  Data  Gb  ShortStackDev.o [1]
nvoLightFb              0x10001550    0x4  Data  Gb  ShortStackDev.o [1]
nvoStatus               0x10001520    0x8  Data  Gb  ShortStackDev.o [1]
nvoSwitch               0x10001554    0x4  Data  Gb  ShortStackDev.o [1]
reverse                 0x00008363   0x2c  Code  Gb  baseTypes.o [1]
siData                  0x0000dbe0  0x118  Data  Lc  ShortStackDev.o [1]
strlen                  0x00008353   0x10  Code  Gb  baseTypes.o [1]
syslock_o               0x10001438    0x4  Data  Lc  xsyslock.o [3]


[1] = C:\w2OriginDCU\dcu\dcu\src\R_Application_LON-16-48\Obj
[2] = command line
[3] = dl6M_tln.a
[4] = m6M_tl.a
[5] = rt6M_tl.a
[6] = shb_l.a

  42 164 bytes of readonly  code memory
     180 bytes of readonly  data memory
   7 974 bytes of readwrite data memory

Errors: none
Warnings: none
